<html>
<body>
<pre>
<h1>µVision Build Log</h1>
<h2>Tool Versions:</h2>
IDE-Version: µVision V5.34.0.0
Copyright (C) 2021 ARM Ltd and ARM Germany GmbH. All rights reserved.
License Information: hussamaldean al-daffaie, student, LIC=MPPLD-858UF-WF6I7-EQT76-TY5SQ-1RV0U
 
Tool Versions:
Toolchain:       MDK-ARM Plus  Version: 5.34.0.0
Toolchain Path:  C:\Keil_v5\ARM\ARMCLANG\Bin
C Compiler:      ArmClang.exe V6.16
Assembler:       Armasm.exe V6.16
Linker/Locator:  ArmLink.exe V6.16
Library Manager: ArmAr.exe V6.16
Hex Converter:   FromElf.exe V6.16
CPU DLL:         SARMCM3.DLL V5.34.0.0
Dialog DLL:      DCM.DLL V1.17.3.0
Target DLL:      STLink\ST-LINKIII-KEIL_SWO.dll V3.0.8.0
Dialog DLL:      TCM.DLL V1.48.0.0
 
<h2>Project:</h2>
C:\Users\hussam\Documents\STM32F103 Bare metal\MPU6050_I2C\MPU6050_I2C.uvprojx
Project File Date:  07/28/2021

<h2>Output:</h2>
*** Using Compiler 'V6.16', folder: 'C:\Keil_v5\ARM\ARMCLANG\Bin'
Rebuild target 'STM32F103C8'
compiling main.c...
rcc.c(26): warning: shift count >= width of type [-Wshift-count-overflow]
  RCC->CFGR |= (0x7UL << RCC_CFGR_PLLMULL);
                      ^  ~~~~~~~~~~~~~~~~
1 warning generated.
compiling rcc.c...
helperv2.c(21): warning: format string is not a string literal (potentially insecure) [-Wformat-security]
                printf((char*)p);
                       ^      ~
helperv2.c(21): note: treat the string as an argument to avoid this
                printf((char*)p);
                       ^
                       "%s", 
helperv2.c(32): warning: format string is not a string literal (potentially insecure) [-Wformat-security]
                printf((char*)p);
                       ^      ~
helperv2.c(32): note: treat the string as an argument to avoid this
                printf((char*)p);
                       ^
                       "%s", 
helperv2.c(43): warning: format string is not a string literal (potentially insecure) [-Wformat-security]
                printf((char*)p);
                       ^      ~
helperv2.c(43): note: treat the string as an argument to avoid this
                printf((char*)p);
                       ^
                       "%s", 
3 warnings generated.
compiling helperv2.c...
compiling UART.c...
compiling i2c.c...
compiling MPU6050.c...
assembling startup_stm32f10x_md.s...
compiling system_stm32f10x.c...
linking...
Program Size: Code=8476 RO-data=520 RW-data=4 ZI-data=1764  
".\Objects\MPU6050_I2C.axf" - 0 Error(s), 4 Warning(s).

<h2>Software Packages used:</h2>

Package Vendor: ARM
                http://www.keil.com/pack/ARM.CMSIS.5.8.0.pack
                ARM.CMSIS.5.8.0
                CMSIS (Common Microcontroller Software Interface Standard)
   * Component: CORE Version: 5.5.0

Package Vendor: Keil
                http://www.keil.com/pack/Keil.STM32F1xx_DFP.2.3.0.pack
                Keil.STM32F1xx_DFP.2.3.0
                STMicroelectronics STM32F1 Series Device Support, Drivers and Examples
   * Component: Startup Version: 1.0.0

<h2>Collection of Component include folders:</h2>
  .\RTE\Device\STM32F103C8
  .\RTE\_STM32F103C8
  C:\Users\hussam\AppData\Local\Arm\Packs\ARM\CMSIS\5.8.0\CMSIS\Core\Include
  C:\Users\hussam\AppData\Local\Arm\Packs\Keil\STM32F1xx_DFP\2.3.0\Device\Include

<h2>Collection of Component Files used:</h2>

   * Component: ARM::CMSIS:CORE:5.5.0

   * Component: Keil::Device:Startup:1.0.0
      Source file:   Device\Source\ARM\startup_stm32f10x_md.s
      Include file:  RTE_Driver\Config\RTE_Device.h
      Source file:   Device\Source\ARM\STM32F1xx_OPT.s
      Source file:   Device\Source\system_stm32f10x.c
Build Time Elapsed:  00:00:01
</pre>
</body>
</html>
