Component: ARM Compiler 6.16 Tool: armlink [5dfeaa00]

==============================================================================

Section Cross References

    main.o(.text) refers (Special) to _printf_f.o(.ARM.Collect$$_printf_percent$$00000003) for _printf_f
    main.o(.text) refers (Special) to printf1.o(x$fpl$printf1) for _printf_fp_dec
    main.o(.text) refers (Special) to _printf_hex_int.o(.text) for _printf_longlong_hex
    main.o(.text) refers (Special) to _printf_percent.o(.ARM.Collect$$_printf_percent$$00000000) for _printf_percent
    main.o(.text) refers (Special) to _printf_pad.o(.text) for _printf_pre_padding
    main.o(.text) refers (Special) to _printf_x.o(.ARM.Collect$$_printf_percent$$0000000C) for _printf_x
    main.o(.text.main) refers (Special) to _printf_f.o(.ARM.Collect$$_printf_percent$$00000003) for _printf_f
    main.o(.text.main) refers (Special) to printf1.o(x$fpl$printf1) for _printf_fp_dec
    main.o(.text.main) refers (Special) to _printf_hex_int.o(.text) for _printf_longlong_hex
    main.o(.text.main) refers (Special) to _printf_percent.o(.ARM.Collect$$_printf_percent$$00000000) for _printf_percent
    main.o(.text.main) refers (Special) to _printf_pad.o(.text) for _printf_pre_padding
    main.o(.text.main) refers (Special) to _printf_x.o(.ARM.Collect$$_printf_percent$$0000000C) for _printf_x
    main.o(.text.main) refers to rcc.o(.text.rcc_HSE_config) for rcc_HSE_config
    main.o(.text.main) refers to system_stm32f10x.o(.text.SystemCoreClockUpdate) for SystemCoreClockUpdate
    main.o(.text.main) refers to rcc.o(.text.rcc_systick_config) for rcc_systick_config
    main.o(.text.main) refers to uart.o(.text.uart1_gpio_init) for uart1_gpio_init
    main.o(.text.main) refers to uart.o(.text.uart1_config) for uart1_config
    main.o(.text.main) refers to i2c.o(.text.i2c_I2C1_gpioConfig) for i2c_I2C1_gpioConfig
    main.o(.text.main) refers to i2c.o(.text.i2c_I2C1_config) for i2c_I2C1_config
    main.o(.text.main) refers to i2c.o(.text.i2c_I2C1_isSlaveAddressExist) for i2c_I2C1_isSlaveAddressExist
    main.o(.text.main) refers to puts.o(.text) for puts
    main.o(.text.main) refers to mpu6050.o(.text.I2C_Read) for I2C_Read
    main.o(.text.main) refers to noretval__2printf.o(.text) for __2printf
    main.o(.text.main) refers to mpu6050.o(.text.MPU6050_Config) for MPU6050_Config
    main.o(.text.main) refers to main.o(.bss.previous) for previous
    main.o(.text.main) refers to mpu6050.o(.text.MPU6050_Get_Accel_Scale) for MPU6050_Get_Accel_Scale
    main.o(.text.main) refers to rcc.o(.text.millis) for millis
    main.o(.text.main) refers to f2d.o(x$fpl$f2d) for __aeabi_f2d
    main.o(.ARM.exidx.text.main) refers (Special) to _printf_f.o(.ARM.Collect$$_printf_percent$$00000003) for _printf_f
    main.o(.ARM.exidx.text.main) refers (Special) to printf1.o(x$fpl$printf1) for _printf_fp_dec
    main.o(.ARM.exidx.text.main) refers (Special) to _printf_hex_int.o(.text) for _printf_longlong_hex
    main.o(.ARM.exidx.text.main) refers (Special) to _printf_percent.o(.ARM.Collect$$_printf_percent$$00000000) for _printf_percent
    main.o(.ARM.exidx.text.main) refers (Special) to _printf_pad.o(.text) for _printf_pre_padding
    main.o(.ARM.exidx.text.main) refers (Special) to _printf_x.o(.ARM.Collect$$_printf_percent$$0000000C) for _printf_x
    main.o(.ARM.exidx.text.main) refers to main.o(.text.main) for [Anonymous Symbol]
    main.o(.bss.previous) refers (Special) to _printf_f.o(.ARM.Collect$$_printf_percent$$00000003) for _printf_f
    main.o(.bss.previous) refers (Special) to printf1.o(x$fpl$printf1) for _printf_fp_dec
    main.o(.bss.previous) refers (Special) to _printf_hex_int.o(.text) for _printf_longlong_hex
    main.o(.bss.previous) refers (Special) to _printf_percent.o(.ARM.Collect$$_printf_percent$$00000000) for _printf_percent
    main.o(.bss.previous) refers (Special) to _printf_pad.o(.text) for _printf_pre_padding
    main.o(.bss.previous) refers (Special) to _printf_x.o(.ARM.Collect$$_printf_percent$$0000000C) for _printf_x
    main.o(.ARM.use_no_argv) refers (Special) to _printf_f.o(.ARM.Collect$$_printf_percent$$00000003) for _printf_f
    main.o(.ARM.use_no_argv) refers (Special) to printf1.o(x$fpl$printf1) for _printf_fp_dec
    main.o(.ARM.use_no_argv) refers (Special) to _printf_hex_int.o(.text) for _printf_longlong_hex
    main.o(.ARM.use_no_argv) refers (Special) to _printf_percent.o(.ARM.Collect$$_printf_percent$$00000000) for _printf_percent
    main.o(.ARM.use_no_argv) refers (Special) to _printf_pad.o(.text) for _printf_pre_padding
    main.o(.ARM.use_no_argv) refers (Special) to _printf_x.o(.ARM.Collect$$_printf_percent$$0000000C) for _printf_x
    rcc.o(.ARM.exidx.text.rcc_HSE_config) refers to rcc.o(.text.rcc_HSE_config) for [Anonymous Symbol]
    rcc.o(.text.rcc_systick_config) refers to rcc.o(.text.__NVIC_SetPriority) for __NVIC_SetPriority
[...]
    btod.o(CL$$btod_ediv) refers to btod.o(CL$$btod_e2e) for _e2e
    btod.o(CL$$btod_emuld) refers (Special) to usenofp.o(x$fpl$usenofp) for __I$use$fp
    btod.o(CL$$btod_emuld) refers to btod.o(CL$$btod_mult_common) for __btod_mult_common
    btod.o(CL$$btod_emuld) refers to btod.o(CL$$btod_e2d) for _e2d
    btod.o(CL$$btod_edivd) refers (Special) to usenofp.o(x$fpl$usenofp) for __I$use$fp
    btod.o(CL$$btod_edivd) refers to btod.o(CL$$btod_div_common) for __btod_div_common
    btod.o(CL$$btod_edivd) refers to btod.o(CL$$btod_e2d) for _e2d
    btod.o(CL$$btod_e2e) refers (Special) to usenofp.o(x$fpl$usenofp) for __I$use$fp
    btod.o(CL$$btod_e2d) refers (Special) to usenofp.o(x$fpl$usenofp) for __I$use$fp
    btod.o(CL$$btod_e2d) refers to btod.o(CL$$btod_e2e) for _e2e
    btod.o(CL$$btod_mult_common) refers (Special) to usenofp.o(x$fpl$usenofp) for __I$use$fp
    btod.o(CL$$btod_div_common) refers (Special) to usenofp.o(x$fpl$usenofp) for __I$use$fp
    btod_accurate.o(.text) refers to btod_accurate_common.o(.text) for _btod_common
    lc_numeric_c.o(locale$$data) refers (Special) to libinit2.o(.ARM.Collect$$libinit$$00000016) for __rt_lib_init_lc_numeric_2
    lc_numeric_c.o(locale$$code) refers (Special) to libinit2.o(.ARM.Collect$$libinit$$00000016) for __rt_lib_init_lc_numeric_2
    lc_numeric_c.o(locale$$code) refers to strcmpv7m.o(.text) for strcmp
    lc_numeric_c.o(locale$$code) refers to lc_numeric_c.o(locale$$data) for __lcnum_c_name
    istatus.o(x$fpl$ieeestatus) refers (Special) to usenofp.o(x$fpl$usenofp) for __I$use$fp
    fpclassify.o(i.__ARM_fpclassify) refers (Special) to usenofp.o(x$fpl$usenofp) for __I$use$fp
    libspace.o(.text) refers to libspace.o(.bss) for __libspace_start
    sys_stackheap_outer.o(.text) refers to libspace.o(.text) for __user_perproc_libspace
    sys_stackheap_outer.o(.text) refers to startup_stm32f10x_md.o(.text) for __user_initial_stackheap
    btod_accurate_common.o(.text) refers to llushr.o(.text) for __aeabi_llsr
    exit.o(.text) refers to rtexit.o(.ARM.Collect$$rtexit$$00000000) for __rt_exit
    libinit.o(.ARM.Collect$$libinit$$00000000) refers (Special) to libinit2.o(.ARM.Collect$$libinit$$0000002E) for __rt_lib_init_alloca_1
    libinit.o(.ARM.Collect$$libinit$$00000000) refers (Special) to libinit2.o(.ARM.Collect$$libinit$$0000002C) for __rt_lib_init_argv_1
    libinit.o(.ARM.Collect$$libinit$$00000000) refers (Special) to libinit2.o(.ARM.Collect$$libinit$$0000001B) for __rt_lib_init_atexit_1
    libinit.o(.ARM.Collect$$libinit$$00000000) refers (Special) to libinit2.o(.ARM.Collect$$libinit$$00000021) for __rt_lib_init_clock_1
    libinit.o(.ARM.Collect$$libinit$$00000000) refers (Special) to libinit2.o(.ARM.Collect$$libinit$$00000032) for __rt_lib_init_cpp_1
    libinit.o(.ARM.Collect$$libinit$$00000000) refers (Special) to libinit2.o(.ARM.Collect$$libinit$$00000030) for __rt_lib_init_exceptions_1
    libinit.o(.ARM.Collect$$libinit$$00000000) refers (Special) to libinit2.o(.ARM.Collect$$libinit$$00000002) for __rt_lib_init_fp_1
    libinit.o(.ARM.Collect$$libinit$$00000000) refers (Special) to libinit2.o(.ARM.Collect$$libinit$$0000001F) for __rt_lib_init_fp_trap_1
    libinit.o(.ARM.Collect$$libinit$$00000000) refers (Special) to libinit2.o(.ARM.Collect$$libinit$$00000023) for __rt_lib_init_getenv_1
    libinit.o(.ARM.Collect$$libinit$$00000000) refers (Special) to libinit2.o(.ARM.Collect$$libinit$$0000000A) for __rt_lib_init_heap_1
    libinit.o(.ARM.Collect$$libinit$$00000000) refers (Special) to libinit2.o(.ARM.Collect$$libinit$$00000011) for __rt_lib_init_lc_collate_1
    libinit.o(.ARM.Collect$$libinit$$00000000) refers (Special) to libinit2.o(.ARM.Collect$$libinit$$00000013) for __rt_lib_init_lc_ctype_1
    libinit.o(.ARM.Collect$$libinit$$00000000) refers (Special) to libinit2.o(.ARM.Collect$$libinit$$00000015) for __rt_lib_init_lc_monetary_1
    libinit.o(.ARM.Collect$$libinit$$00000000) refers (Special) to libinit2.o(.ARM.Collect$$libinit$$00000017) for __rt_lib_init_lc_numeric_1
    libinit.o(.ARM.Collect$$libinit$$00000000) refers (Special) to libinit2.o(.ARM.Collect$$libinit$$00000019) for __rt_lib_init_lc_time_1
    libinit.o(.ARM.Collect$$libinit$$00000000) refers (Special) to libinit2.o(.ARM.Collect$$libinit$$00000004) for __rt_lib_init_preinit_1
    libinit.o(.ARM.Collect$$libinit$$00000000) refers (Special) to libinit2.o(.ARM.Collect$$libinit$$0000000E) for __rt_lib_init_rand_1
    libinit.o(.ARM.Collect$$libinit$$00000000) refers (Special) to libinit2.o(.ARM.Collect$$libinit$$00000033) for __rt_lib_init_return
    libinit.o(.ARM.Collect$$libinit$$00000000) refers (Special) to libinit2.o(.ARM.Collect$$libinit$$0000001D) for __rt_lib_init_signal_1
    libinit.o(.ARM.Collect$$libinit$$00000000) refers (Special) to libinit2.o(.ARM.Collect$$libinit$$00000025) for __rt_lib_init_stdio_1
    libinit.o(.ARM.Collect$$libinit$$00000000) refers (Special) to libinit2.o(.ARM.Collect$$libinit$$0000000C) for __rt_lib_init_user_alloc_1
    libinit2.o(.ARM.Collect$$libinit$$0000000F) refers (Weak) to rt_locale_intlibspace.o(.text) for __rt_locale
    libinit2.o(.ARM.Collect$$libinit$$00000010) refers to libinit2.o(.ARM.Collect$$libinit$$0000000F) for .ARM.Collect$$libinit$$0000000F
    libinit2.o(.ARM.Collect$$libinit$$00000012) refers to libinit2.o(.ARM.Collect$$libinit$$0000000F) for .ARM.Collect$$libinit$$0000000F
    libinit2.o(.ARM.Collect$$libinit$$00000014) refers to libinit2.o(.ARM.Collect$$libinit$$0000000F) for .ARM.Collect$$libinit$$0000000F
    libinit2.o(.ARM.Collect$$libinit$$00000016) refers to libinit2.o(.ARM.Collect$$libinit$$0000000F) for .ARM.Collect$$libinit$$0000000F
    libinit2.o(.ARM.Collect$$libinit$$00000016) refers (Weak) to lc_numeric_c.o(locale$$code) for _get_lc_numeric
    libinit2.o(.ARM.Collect$$libinit$$00000018) refers to libinit2.o(.ARM.Collect$$libinit$$0000000F) for .ARM.Collect$$libinit$$0000000F
    libinit2.o(.ARM.Collect$$libinit$$00000026) refers to argv_veneer.o(.emb_text) for __ARM_argv_veneer
    libinit2.o(.ARM.Collect$$libinit$$00000027) refers to argv_veneer.o(.emb_text) for __ARM_argv_veneer
    rtexit.o(.ARM.Collect$$rtexit$$00000000) refers (Special) to rtexit2.o(.ARM.Collect$$rtexit$$00000004) for __rt_exit_exit
    rtexit.o(.ARM.Collect$$rtexit$$00000000) refers (Special) to rtexit2.o(.ARM.Collect$$rtexit$$00000003) for __rt_exit_ls
    rtexit.o(.ARM.Collect$$rtexit$$00000000) refers (Special) to rtexit2.o(.ARM.Collect$$rtexit$$00000002) for __rt_exit_prels_1
    rtexit.o(.ARM.exidx) refers (Special) to rtexit2.o(.ARM.Collect$$rtexit$$00000004) for __rt_exit_exit
    rtexit.o(.ARM.exidx) refers (Special) to rtexit2.o(.ARM.Collect$$rtexit$$00000003) for __rt_exit_ls
    rtexit.o(.ARM.exidx) refers (Special) to rtexit2.o(.ARM.Collect$$rtexit$$00000002) for __rt_exit_prels_1
    rtexit.o(.ARM.exidx) refers to rtexit.o(.ARM.Collect$$rtexit$$00000000) for .ARM.Collect$$rtexit$$00000000
    argv_veneer.o(.emb_text) refers to no_argv.o(.text) for __ARM_get_argv
    rtexit2.o(.ARM.Collect$$rtexit$$00000003) refers to libshutdown.o(.ARM.Collect$$libshutdown$$00000000) for __rt_lib_shutdown
    rtexit2.o(.ARM.Collect$$rtexit$$00000004) refers to sys_exit.o(.text) for _sys_exit
    rtexit2.o(.ARM.exidx) refers to rtexit2.o(.ARM.Collect$$rtexit$$00000001) for .ARM.Collect$$rtexit$$00000001
    rtexit2.o(.ARM.exidx) refers to rtexit2.o(.ARM.Collect$$rtexit$$00000003) for .ARM.Collect$$rtexit$$00000003
    rtexit2.o(.ARM.exidx) refers to rtexit2.o(.ARM.Collect$$rtexit$$00000004) for .ARM.Collect$$rtexit$$00000004
    _get_argv_nomalloc.o(.text) refers (Special) to hrguard.o(.text) for __heap_region$guard
    _get_argv_nomalloc.o(.text) refers to defsig_rtmem_outer.o(.text) for __rt_SIGRTMEM
    _get_argv_nomalloc.o(.text) refers to sys_command.o(.text) for _sys_command_string
    sys_command.o(.text) refers (Special) to use_no_semi.o(.text) for __I$use$semihosting
    sys_command.o(.text) refers (Special) to indicate_semi.o(.text) for __semihosting_library_function
    sys_exit.o(.text) refers (Special) to use_no_semi.o(.text) for __I$use$semihosting
    sys_exit.o(.text) refers (Special) to indicate_semi.o(.text) for __semihosting_library_function
    sys_command_hlt.o(.text) refers (Special) to use_no_semi.o(.text) for __I$use$semihosting
    sys_command_hlt.o(.text) refers (Special) to indicate_semi.o(.text) for __semihosting_library_function
    sys_exit_hlt.o(.text) refers (Special) to use_no_semi.o(.text) for __I$use$semihosting
    sys_exit_hlt.o(.text) refers (Special) to indicate_semi.o(.text) for __semihosting_library_function
    defsig_rtmem_outer.o(.text) refers to defsig_rtmem_inner.o(.text) for __rt_SIGRTMEM_inner
    defsig_rtmem_outer.o(.text) refers to defsig_exit.o(.text) for __sig_exit
    defsig_rtmem_formal.o(.text) refers to rt_raise.o(.text) for __rt_raise
    libshutdown.o(.ARM.Collect$$libshutdown$$00000000) refers (Special) to libshutdown2.o(.ARM.Collect$$libshutdown$$00000002) for __rt_lib_shutdown_cpp_1
    libshutdown.o(.ARM.Collect$$libshutdown$$00000000) refers (Special) to libshutdown2.o(.ARM.Collect$$libshutdown$$00000007) for __rt_lib_shutdown_fp_trap_1
    libshutdown.o(.ARM.Collect$$libshutdown$$00000000) refers (Special) to libshutdown2.o(.ARM.Collect$$libshutdown$$0000000F) for __rt_lib_shutdown_heap_1
    libshutdown.o(.ARM.Collect$$libshutdown$$00000000) refers (Special) to libshutdown2.o(.ARM.Collect$$libshutdown$$00000010) for __rt_lib_shutdown_return
    libshutdown.o(.ARM.Collect$$libshutdown$$00000000) refers (Special) to libshutdown2.o(.ARM.Collect$$libshutdown$$0000000A) for __rt_lib_shutdown_signal_1
    libshutdown.o(.ARM.Collect$$libshutdown$$00000000) refers (Special) to libshutdown2.o(.ARM.Collect$$libshutdown$$00000004) for __rt_lib_shutdown_stdio_1
    libshutdown.o(.ARM.Collect$$libshutdown$$00000000) refers (Special) to libshutdown2.o(.ARM.Collect$$libshutdown$$0000000C) for __rt_lib_shutdown_user_alloc_1
    rt_raise.o(.text) refers to __raise.o(.text) for __raise
    rt_raise.o(.text) refers to sys_exit.o(.text) for _sys_exit
    defsig_exit.o(.text) refers to sys_exit.o(.text) for _sys_exit
    defsig_rtmem_inner.o(.text) refers to defsig_general.o(.text) for __default_signal_display
    __raise.o(.text) refers to defsig.o(CL$$defsig) for __default_signal_handler
    defsig_general.o(.text) refers to sys_wrch.o(.text) for _ttywrch
    sys_wrch.o(.text) refers (Special) to use_no_semi.o(.text) for __I$use$semihosting
    sys_wrch.o(.text) refers (Special) to indicate_semi.o(.text) for __semihosting_library_function
    sys_wrch_hlt.o(.text) refers (Special) to use_no_semi.o(.text) for __I$use$semihosting
    sys_wrch_hlt.o(.text) refers (Special) to indicate_semi.o(.text) for __semihosting_library_function
    defsig.o(CL$$defsig) refers to defsig_rtmem_inner.o(.text) for __rt_SIGRTMEM_inner
    defsig_abrt_inner.o(.text) refers to defsig_general.o(.text) for __default_signal_display
    defsig_fpe_inner.o(.text) refers to defsig_general.o(.text) for __default_signal_display
    defsig_rtred_inner.o(.text) refers to defsig_general.o(.text) for __default_signal_display
    defsig_stak_inner.o(.text) refers to defsig_general.o(.text) for __default_signal_display
    defsig_pvfn_inner.o(.text) refers to defsig_general.o(.text) for __default_signal_display
    defsig_cppl_inner.o(.text) refers to defsig_general.o(.text) for __default_signal_display
    defsig_segv_inner.o(.text) refers to defsig_general.o(.text) for __default_signal_display
    defsig_other.o(.text) refers to defsig_general.o(.text) for __default_signal_display


==============================================================================

Removing Unused input sections from the image.

    Removing main.o(.text), (0 bytes).
    Removing main.o(.ARM.exidx.text.main), (8 bytes).
    Removing main.o(.ARM.use_no_argv), (4 bytes).
    Removing rcc.o(.text), (0 bytes).
    Removing rcc.o(.ARM.exidx.text.rcc_HSE_config), (8 bytes).
    Removing rcc.o(.ARM.exidx.text.rcc_systick_config), (8 bytes).
    Removing rcc.o(.ARM.exidx.text.__NVIC_SetPriority), (8 bytes).
    Removing rcc.o(.ARM.exidx.text.SysTick_Handler), (8 bytes).
    Removing rcc.o(.ARM.exidx.text.millis), (8 bytes).
    Removing rcc.o(.ARM.exidx.text.delay), (8 bytes).
    Removing rcc.o(.text.rcc_hse_config), (184 bytes).
    Removing rcc.o(.ARM.exidx.text.rcc_hse_config), (8 bytes).
    Removing helperv2.o(.text), (0 bytes).
    Removing helperv2.o(.ARM.exidx.text.fputc), (8 bytes).
    Removing helperv2.o(.ARM.exidx.text.ITM_SendChar), (8 bytes).
    Removing helperv2.o(.text.log_error), (40 bytes).
    Removing helperv2.o(.ARM.exidx.text.log_error), (8 bytes).
    Removing helperv2.o(.text.log_info), (40 bytes).
    Removing helperv2.o(.ARM.exidx.text.log_info), (8 bytes).
    Removing helperv2.o(.text.log_debug), (40 bytes).
    Removing helperv2.o(.ARM.exidx.text.log_debug), (8 bytes).
    Removing helperv2.o(.text.log_debug_array), (108 bytes).
    Removing helperv2.o(.ARM.exidx.text.log_debug_array), (8 bytes).
    Removing helperv2.o(.bss.__stdin), (84 bytes).
    Removing uart.o(.text), (0 bytes).
    Removing uart.o(.ARM.exidx.text.uart1_gpio_init), (8 bytes).
    Removing uart.o(.ARM.exidx.text.uart1_config), (8 bytes).
    Removing uart.o(.text.uart1_transmite), (122 bytes).
    Removing uart.o(.ARM.exidx.text.uart1_transmite), (8 bytes).
    Removing uart.o(.ARM.exidx.text.uart1_write), (8 bytes).
    Removing uart.o(.text.UART1_print), (28 bytes).
    Removing uart.o(.ARM.exidx.text.UART1_print), (8 bytes).
    Removing uart.o(.text.uart1_receive), (98 bytes).
    Removing uart.o(.ARM.exidx.text.uart1_receive), (8 bytes).
    Removing uart.o(.text.uart_UART1_DMA_config), (210 bytes).
    Removing uart.o(.ARM.exidx.text.uart_UART1_DMA_config), (8 bytes).
    Removing uart.o(.text.__NVIC_EnableIRQ), (22 bytes).
    Removing uart.o(.ARM.exidx.text.__NVIC_EnableIRQ), (8 bytes).
    Removing uart.o(.text.uart_UART1_DMA_transmit), (34 bytes).
    Removing uart.o(.ARM.exidx.text.uart_UART1_DMA_transmit), (8 bytes).
    Removing uart.o(.text.uart_UART1_DMA_receive), (50 bytes).
    Removing uart.o(.ARM.exidx.text.uart_UART1_DMA_receive), (8 bytes).
    Removing i2c.o(.text), (0 bytes).
    Removing i2c.o(.ARM.exidx.text.i2c_I2C1_gpioConfig), (8 bytes).
    Removing i2c.o(.ARM.exidx.text.i2c_I2C1_config), (8 bytes).
    Removing i2c.o(.ARM.exidx.text.i2c_I2C1_isSlaveAddressExist), (8 bytes).
    Removing i2c.o(.ARM.exidx.text.i2c_I2C1_masterTransmit), (8 bytes).
    Removing i2c.o(.ARM.exidx.text.i2c_I2C1_masterReceive), (8 bytes).
    Removing mpu6050.o(.text), (0 bytes).
    Removing mpu6050.o(.ARM.exidx.text.I2C_Read), (8 bytes).
    Removing mpu6050.o(.ARM.exidx.text.I2C_Write8), (8 bytes).
    Removing mpu6050.o(.ARM.exidx.text.MPU6050_Config), (8 bytes).
    Removing mpu6050.o(.ARM.exidx.text.MPU6050_Set_SMPRT_DIV), (8 bytes).
    Removing mpu6050.o(.text.MPU6050_Get_SMPRT_DIV), (30 bytes).
    Removing mpu6050.o(.ARM.exidx.text.MPU6050_Get_SMPRT_DIV), (8 bytes).
    Removing mpu6050.o(.text.MPU6050_Get_FSYNC), (34 bytes).
    Removing mpu6050.o(.ARM.exidx.text.MPU6050_Get_FSYNC), (8 bytes).
    Removing mpu6050.o(.text.MPU6050_Set_FSYNC), (52 bytes).
    Removing mpu6050.o(.ARM.exidx.text.MPU6050_Set_FSYNC), (8 bytes).
    Removing mpu6050.o(.ARM.exidx.text.MPU6050_Get_Accel_RawData), (8 bytes).
    Removing mpu6050.o(.ARM.exidx.text.MPU6050_Get_Accel_Scale), (8 bytes).
    Removing mpu6050.o(.text.MPU6050_Get_Accel_Cali), (72 bytes).
    Removing mpu6050.o(.ARM.exidx.text.MPU6050_Get_Accel_Cali), (8 bytes).
    Removing mpu6050.o(.text.MPU6050_Get_Gyro_RawData), (38 bytes).
    Removing mpu6050.o(.ARM.exidx.text.MPU6050_Get_Gyro_RawData), (8 bytes).
    Removing mpu6050.o(.text.MPU6050_Get_Gyro_Scale), (84 bytes).
    Removing mpu6050.o(.ARM.exidx.text.MPU6050_Get_Gyro_Scale), (8 bytes).
    Removing mpu6050.o(.text._Accel_Cali), (90 bytes).
    Removing mpu6050.o(.ARM.exidx.text._Accel_Cali), (8 bytes).
    Removing mpu6050.o(.bss.A_X_Bias), (4 bytes).
    Removing mpu6050.o(.bss.A_Y_Bias), (4 bytes).
    Removing mpu6050.o(.bss.A_Z_Bias), (4 bytes).
    Removing system_stm32f10x.o(.text), (0 bytes).
    Removing system_stm32f10x.o(.ARM.exidx.text.SystemInit), (8 bytes).
    Removing system_stm32f10x.o(.ARM.exidx.text.SetSysClock), (8 bytes).
    Removing system_stm32f10x.o(.ARM.exidx.text.SystemCoreClockUpdate), (8 bytes).
    Removing system_stm32f10x.o(.ARM.exidx.text.SetSysClockTo72), (8 bytes).

77 unused section(s) (total 1844 bytes) removed from the image.

==============================================================================

Image Symbol Table

    Local Symbols

    Symbol Name                              Value     Ov Type        Size  Object(Section)

    ../clib/angel/boardlib.s                 0x00000000   Number         0  boardinit1.o ABSOLUTE
    ../clib/angel/boardlib.s                 0x00000000   Number         0  boardinit2.o ABSOLUTE
    ../clib/angel/boardlib.s                 0x00000000   Number         0  boardinit3.o ABSOLUTE
    ../clib/angel/boardlib.s                 0x00000000   Number         0  boardshut.o ABSOLUTE
    ../clib/angel/handlers.s                 0x00000000   Number         0  __scatter_copy.o ABSOLUTE
    ../clib/angel/handlers.s                 0x00000000   Number         0  __scatter_zi.o ABSOLUTE
    ../clib/angel/kernel.s                   0x00000000   Number         0  __rtentry.o ABSOLUTE
    ../clib/angel/kernel.s                   0x00000000   Number         0  __rtentry2.o ABSOLUTE
    ../clib/angel/kernel.s                   0x00000000   Number         0  __rtentry4.o ABSOLUTE
    ../clib/angel/kernel.s                   0x00000000   Number         0  rtexit.o ABSOLUTE
    ../clib/angel/kernel.s                   0x00000000   Number         0  rtexit2.o ABSOLUTE
    ../clib/angel/rt.s                       0x00000000   Number         0  rt_locale.o ABSOLUTE
    ../clib/angel/rt.s                       0x00000000   Number         0  rt_locale_intlibspace.o ABSOLUTE
    ../clib/angel/rt.s                       0x00000000   Number         0  rt_raise.o ABSOLUTE
    ../clib/angel/scatter.s                  0x00000000   Number         0  __scatter.o ABSOLUTE
    ../clib/angel/startup.s                  0x00000000   Number         0  __main.o ABSOLUTE
    ../clib/angel/sys.s                      0x00000000   Number         0  libspace.o ABSOLUTE
    ../clib/angel/sys.s                      0x00000000   Number         0  sys_stackheap_outer.o ABSOLUTE
    ../clib/angel/sys.s                      0x00000000   Number         0  use_no_semi.o ABSOLUTE
    ../clib/angel/sys.s                      0x00000000   Number         0  indicate_semi.o ABSOLUTE
    ../clib/angel/sysapp.c                   0x00000000   Number         0  sys_command.o ABSOLUTE
    ../clib/angel/sysapp.c                   0x00000000   Number         0  sys_exit.o ABSOLUTE
    ../clib/angel/sysapp.c                   0x00000000   Number         0  sys_command_hlt.o ABSOLUTE
    ../clib/angel/sysapp.c                   0x00000000   Number         0  sys_exit_hlt.o ABSOLUTE
    ../clib/angel/sysapp.c                   0x00000000   Number         0  sys_wrch.o ABSOLUTE
    ../clib/angel/sysapp.c                   0x00000000   Number         0  sys_wrch_hlt.o ABSOLUTE
    ../clib/armsys.c                         0x00000000   Number         0  argv_veneer.o ABSOLUTE
    ../clib/armsys.c                         0x00000000   Number         0  argv_veneer.o ABSOLUTE
    ../clib/armsys.c                         0x00000000   Number         0  _get_argv_nomalloc.o ABSOLUTE
    ../clib/armsys.c                         0x00000000   Number         0  no_argv.o ABSOLUTE
    ../clib/bigflt.c                         0x00000000   Number         0  bigflt0.o ABSOLUTE
    ../clib/btod.s                           0x00000000   Number         0  btod.o ABSOLUTE
    ../clib/btod_accurate.c                  0x00000000   Number         0  btod_accurate.o ABSOLUTE
    ../clib/btod_accurate.c                  0x00000000   Number         0  btod_accurate_common.o ABSOLUTE
    ../clib/heapalloc.c                      0x00000000   Number         0  hrguard.o ABSOLUTE
    ../clib/heapaux.c                        0x00000000   Number         0  heapauxi.o ABSOLUTE
    ../clib/libinit.s                        0x00000000   Number         0  libinit.o ABSOLUTE
    ../clib/libinit.s                        0x00000000   Number         0  libinit2.o ABSOLUTE
    ../clib/libinit.s                        0x00000000   Number         0  libshutdown.o ABSOLUTE
    ../clib/libinit.s                        0x00000000   Number         0  libshutdown2.o ABSOLUTE
    ../clib/locale.s                         0x00000000   Number         0  lc_numeric_c.o ABSOLUTE
    ../clib/longlong.s                       0x00000000   Number         0  lludiv10.o ABSOLUTE
    ../clib/longlong.s                       0x00000000   Number         0  llushr.o ABSOLUTE
    ../clib/memcpset.s                       0x00000000   Number         0  strcmpv7m.o ABSOLUTE
    ../clib/misc.s                           0x00000000   Number         0  printf_stubs.o ABSOLUTE
    ../clib/printf.c                         0x00000000   Number         0  __2printf.o ABSOLUTE
    ../clib/printf.c                         0x00000000   Number         0  noretval__2printf.o ABSOLUTE
    ../clib/printf.c                         0x00000000   Number         0  __printf.o ABSOLUTE
    ../clib/printf.c                         0x00000000   Number         0  _printf_pad.o ABSOLUTE
    ../clib/printf.c                         0x00000000   Number         0  _printf_hex_ll.o ABSOLUTE
    ../clib/printf.c                         0x00000000   Number         0  _printf_hex_int.o ABSOLUTE
    ../clib/printf.c                         0x00000000   Number         0  _printf_hex_int_ll.o ABSOLUTE
    ../clib/printf.c                         0x00000000   Number         0  _printf_hex_ptr.o ABSOLUTE
    ../clib/printf.c                         0x00000000   Number         0  _printf_hex_int_ptr.o ABSOLUTE
    ../clib/printf.c                         0x00000000   Number         0  _printf_hex_ll_ptr.o ABSOLUTE
    ../clib/printf.c                         0x00000000   Number         0  _printf_hex_int_ll_ptr.o ABSOLUTE
    ../clib/printf.c                         0x00000000   Number         0  __printf_flags.o ABSOLUTE
    ../clib/printf.c                         0x00000000   Number         0  __printf_ss.o ABSOLUTE
    ../clib/printf.c                         0x00000000   Number         0  __printf_flags_ss.o ABSOLUTE
    ../clib/printf.c                         0x00000000   Number         0  __printf_wp.o ABSOLUTE
    ../clib/printf.c                         0x00000000   Number         0  __printf_flags_wp.o ABSOLUTE
    ../clib/printf.c                         0x00000000   Number         0  __printf_ss_wp.o ABSOLUTE
    ../clib/printf.c                         0x00000000   Number         0  __printf_flags_ss_wp.o ABSOLUTE
    ../clib/printf.c                         0x00000000   Number         0  _printf_intcommon.o ABSOLUTE
    ../clib/printf.c                         0x00000000   Number         0  _printf_fp_dec.o ABSOLUTE
    ../clib/printf.c                         0x00000000   Number         0  _printf_fp_dec_accurate.o ABSOLUTE
    ../clib/printf.c                         0x00000000   Number         0  _printf_char_file.o ABSOLUTE
    ../clib/printf.c                         0x00000000   Number         0  _printf_char_common.o ABSOLUTE
    ../clib/printf.c                         0x00000000   Number         0  _printf_fp_infnan.o ABSOLUTE
    ../clib/printf.c                         0x00000000   Number         0  __printf_nopercent.o ABSOLUTE
    ../clib/printf_percent.s                 0x00000000   Number         0  _printf_x.o ABSOLUTE
    ../clib/printf_percent.s                 0x00000000   Number         0  _printf_f.o ABSOLUTE
    ../clib/printf_percent.s                 0x00000000   Number         0  _printf_percent.o ABSOLUTE
    ../clib/printf_percent.s                 0x00000000   Number         0  _printf_percent_end.o ABSOLUTE
    ../clib/signal.c                         0x00000000   Number         0  defsig_rtmem_outer.o ABSOLUTE
    ../clib/signal.c                         0x00000000   Number         0  defsig_rtmem_formal.o ABSOLUTE
    ../clib/signal.c                         0x00000000   Number         0  defsig_exit.o ABSOLUTE
    ../clib/signal.c                         0x00000000   Number         0  defsig_rtmem_inner.o ABSOLUTE
    ../clib/signal.c                         0x00000000   Number         0  __raise.o ABSOLUTE
    ../clib/signal.c                         0x00000000   Number         0  defsig_general.o ABSOLUTE
    ../clib/signal.c                         0x00000000   Number         0  defsig_abrt_inner.o ABSOLUTE
    ../clib/signal.c                         0x00000000   Number         0  defsig_fpe_inner.o ABSOLUTE
    ../clib/signal.c                         0x00000000   Number         0  defsig_rtred_inner.o ABSOLUTE
    ../clib/signal.c                         0x00000000   Number         0  defsig_stak_inner.o ABSOLUTE
    ../clib/signal.c                         0x00000000   Number         0  defsig_pvfn_inner.o ABSOLUTE
    ../clib/signal.c                         0x00000000   Number         0  defsig_cppl_inner.o ABSOLUTE
    ../clib/signal.c                         0x00000000   Number         0  defsig_segv_inner.o ABSOLUTE
    ../clib/signal.c                         0x00000000   Number         0  defsig_other.o ABSOLUTE
    ../clib/signal.s                         0x00000000   Number         0  defsig.o ABSOLUTE
    ../clib/stdio.c                          0x00000000   Number         0  puts.o ABSOLUTE
    ../clib/stdio.c                          0x00000000   Number         0  ferror.o ABSOLUTE
    ../clib/stdio.c                          0x00000000   Number         0  ferror_locked.o ABSOLUTE
    ../clib/stdlib.c                         0x00000000   Number         0  exit.o ABSOLUTE
    ../fplib/dretinf.s                       0x00000000   Number         0  dretinf.o ABSOLUTE
    ../fplib/f2d.s                           0x00000000   Number         0  f2d.o ABSOLUTE
    ../fplib/faddsub.s                       0x00000000   Number         0  faddsub_clz.o ABSOLUTE
    ../fplib/fflt.s                          0x00000000   Number         0  fflt_clz.o ABSOLUTE
    ../fplib/fmul.s                          0x00000000   Number         0  fmul.o ABSOLUTE
    ../fplib/fnaninf.s                       0x00000000   Number         0  fnaninf.o ABSOLUTE
    ../fplib/fpinit.s                        0x00000000   Number         0  fpinit.o ABSOLUTE
    ../fplib/fpinit_empty.s                  0x00000000   Number         0  fpinit_empty.o ABSOLUTE
    ../fplib/fretinf.s                       0x00000000   Number         0  fretinf.o ABSOLUTE
    ../fplib/istatus.s                       0x00000000   Number         0  istatus.o ABSOLUTE
    ../fplib/printf1.s                       0x00000000   Number         0  printf1.o ABSOLUTE
    ../fplib/usenofp.s                       0x00000000   Number         0  usenofp.o ABSOLUTE
    ../mathlib/fpclassify.c                  0x00000000   Number         0  fpclassify.o ABSOLUTE
    MPU6050.c                                0x00000000   Number         0  mpu6050.o ABSOLUTE
    RTE/Device/STM32F103C8/startup_stm32f10x_md.s 0x00000000   Number         0  startup_stm32f10x_md.o ABSOLUTE
    UART.c                                   0x00000000   Number         0  uart.o ABSOLUTE
    dc.s                                     0x00000000   Number         0  dc.o ABSOLUTE
    helperv2.c                               0x00000000   Number         0  helperv2.o ABSOLUTE
    i2c.c                                    0x00000000   Number         0  i2c.o ABSOLUTE
    main.c                                   0x00000000   Number         0  main.o ABSOLUTE
    rcc.c                                    0x00000000   Number         0  rcc.o ABSOLUTE
    system_stm32f10x.c                       0x00000000   Number         0  system_stm32f10x.o ABSOLUTE
    RESET                                    0x08000000   Section      236  startup_stm32f10x_md.o(RESET)
    !!!main                                  0x080000ec   Section        8  __main.o(!!!main)
    !!!scatter                               0x080000f4   Section       52  __scatter.o(!!!scatter)
    !!handler_copy                           0x08000128   Section       26  __scatter_copy.o(!!handler_copy)
    !!handler_zi                             0x08000144   Section       28  __scatter_zi.o(!!handler_zi)
    .ARM.Collect$$_printf_percent$$00000000  0x08000160   Section        0  _printf_percent.o(.ARM.Collect$$_printf_percent$$00000000)
    .ARM.Collect$$_printf_percent$$00000003  0x08000160   Section        6  _printf_f.o(.ARM.Collect$$_printf_percent$$00000003)
    .ARM.Collect$$_printf_percent$$0000000C  0x08000166   Section        6  _printf_x.o(.ARM.Collect$$_printf_percent$$0000000C)
    .ARM.Collect$$_printf_percent$$00000017  0x0800016c   Section        4  _printf_percent_end.o(.ARM.Collect$$_printf_percent$$00000017)
    .ARM.Collect$$libinit$$00000000          0x08000170   Section        2  libinit.o(.ARM.Collect$$libinit$$00000000)
    .ARM.Collect$$libinit$$00000002          0x08000172   Section        0  libinit2.o(.ARM.Collect$$libinit$$00000002)
    .ARM.Collect$$libinit$$00000004          0x08000172   Section        0  libinit2.o(.ARM.Collect$$libinit$$00000004)
    .ARM.Collect$$libinit$$0000000A          0x08000172   Section        0  libinit2.o(.ARM.Collect$$libinit$$0000000A)
    .ARM.Collect$$libinit$$0000000C          0x08000172   Section        0  libinit2.o(.ARM.Collect$$libinit$$0000000C)
    .ARM.Collect$$libinit$$0000000E          0x08000172   Section        0  libinit2.o(.ARM.Collect$$libinit$$0000000E)
    .ARM.Collect$$libinit$$0000000F          0x08000172   Section        6  libinit2.o(.ARM.Collect$$libinit$$0000000F)
    .ARM.Collect$$libinit$$00000011          0x08000178   Section        0  libinit2.o(.ARM.Collect$$libinit$$00000011)
    .ARM.Collect$$libinit$$00000013          0x08000178   Section        0  libinit2.o(.ARM.Collect$$libinit$$00000013)
    .ARM.Collect$$libinit$$00000015          0x08000178   Section        0  libinit2.o(.ARM.Collect$$libinit$$00000015)
    .ARM.Collect$$libinit$$00000016          0x08000178   Section       10  libinit2.o(.ARM.Collect$$libinit$$00000016)
    .ARM.Collect$$libinit$$00000017          0x08000182   Section        0  libinit2.o(.ARM.Collect$$libinit$$00000017)
    .ARM.Collect$$libinit$$00000019          0x08000182   Section        0  libinit2.o(.ARM.Collect$$libinit$$00000019)
    .ARM.Collect$$libinit$$0000001B          0x08000182   Section        0  libinit2.o(.ARM.Collect$$libinit$$0000001B)
    .ARM.Collect$$libinit$$0000001D          0x08000182   Section        0  libinit2.o(.ARM.Collect$$libinit$$0000001D)
    .ARM.Collect$$libinit$$0000001F          0x08000182   Section        0  libinit2.o(.ARM.Collect$$libinit$$0000001F)
    .ARM.Collect$$libinit$$00000021          0x08000182   Section        0  libinit2.o(.ARM.Collect$$libinit$$00000021)
    .ARM.Collect$$libinit$$00000023          0x08000182   Section        0  libinit2.o(.ARM.Collect$$libinit$$00000023)
    .ARM.Collect$$libinit$$00000025          0x08000182   Section        0  libinit2.o(.ARM.Collect$$libinit$$00000025)
    .ARM.Collect$$libinit$$0000002C          0x08000182   Section        0  libinit2.o(.ARM.Collect$$libinit$$0000002C)
    .ARM.Collect$$libinit$$0000002E          0x08000182   Section        0  libinit2.o(.ARM.Collect$$libinit$$0000002E)
    .ARM.Collect$$libinit$$00000030          0x08000182   Section        0  libinit2.o(.ARM.Collect$$libinit$$00000030)
    .ARM.Collect$$libinit$$00000032          0x08000182   Section        0  libinit2.o(.ARM.Collect$$libinit$$00000032)
    .ARM.Collect$$libinit$$00000033          0x08000182   Section        2  libinit2.o(.ARM.Collect$$libinit$$00000033)
    .ARM.Collect$$libshutdown$$00000000      0x08000184   Section        2  libshutdown.o(.ARM.Collect$$libshutdown$$00000000)
    .ARM.Collect$$libshutdown$$00000002      0x08000186   Section        0  libshutdown2.o(.ARM.Collect$$libshutdown$$00000002)
    .ARM.Collect$$libshutdown$$00000004      0x08000186   Section        0  libshutdown2.o(.ARM.Collect$$libshutdown$$00000004)
    .ARM.Collect$$libshutdown$$00000007      0x08000186   Section        0  libshutdown2.o(.ARM.Collect$$libshutdown$$00000007)
    .ARM.Collect$$libshutdown$$0000000A      0x08000186   Section        0  libshutdown2.o(.ARM.Collect$$libshutdown$$0000000A)
    .ARM.Collect$$libshutdown$$0000000C      0x08000186   Section        0  libshutdown2.o(.ARM.Collect$$libshutdown$$0000000C)
    .ARM.Collect$$libshutdown$$0000000F      0x08000186   Section        0  libshutdown2.o(.ARM.Collect$$libshutdown$$0000000F)
    .ARM.Collect$$libshutdown$$00000010      0x08000186   Section        2  libshutdown2.o(.ARM.Collect$$libshutdown$$00000010)
    .ARM.Collect$$rtentry$$00000000          0x08000188   Section        0  __rtentry.o(.ARM.Collect$$rtentry$$00000000)
    .ARM.Collect$$rtentry$$00000002          0x08000188   Section        0  __rtentry2.o(.ARM.Collect$$rtentry$$00000002)
    .ARM.Collect$$rtentry$$00000004          0x08000188   Section        6  __rtentry4.o(.ARM.Collect$$rtentry$$00000004)
    .ARM.Collect$$rtentry$$00000009          0x0800018e   Section        0  __rtentry2.o(.ARM.Collect$$rtentry$$00000009)
    .ARM.Collect$$rtentry$$0000000A          0x0800018e   Section        4  __rtentry2.o(.ARM.Collect$$rtentry$$0000000A)
    .ARM.Collect$$rtentry$$0000000C          0x08000192   Section        0  __rtentry2.o(.ARM.Collect$$rtentry$$0000000C)
    .ARM.Collect$$rtentry$$0000000D          0x08000192   Section        8  __rtentry2.o(.ARM.Collect$$rtentry$$0000000D)
    .ARM.Collect$$rtexit$$00000000           0x0800019a   Section        2  rtexit.o(.ARM.Collect$$rtexit$$00000000)
    .ARM.Collect$$rtexit$$00000002           0x0800019c   Section        0  rtexit2.o(.ARM.Collect$$rtexit$$00000002)
    .ARM.Collect$$rtexit$$00000003           0x0800019c   Section        4  rtexit2.o(.ARM.Collect$$rtexit$$00000003)
    .ARM.Collect$$rtexit$$00000004           0x080001a0   Section        6  rtexit2.o(.ARM.Collect$$rtexit$$00000004)
    .text                                    0x080001a8   Section       64  startup_stm32f10x_md.o(.text)
    .text                                    0x080001e8   Section        0  noretval__2printf.o(.text)
    .text                                    0x08000200   Section        0  _printf_pad.o(.text)
    .text                                    0x08000250   Section        0  _printf_hex_int.o(.text)
    .text                                    0x080002a8   Section        0  __printf_flags_wp.o(.text)
    .text                                    0x080003e0   Section        0  puts.o(.text)
    .text                                    0x0800040c   Section        0  heapauxi.o(.text)
    .text                                    0x08000412   Section        0  _printf_intcommon.o(.text)
    _fp_digits                               0x080004c5   Thumb Code   432  _printf_fp_dec.o(.text)
    .text                                    0x080004c4   Section        0  _printf_fp_dec.o(.text)
    .text                                    0x080008e0   Section        0  _printf_char_file.o(.text)
    .text                                    0x08000904   Section        8  rt_locale_intlibspace.o(.text)
    .text                                    0x0800090c   Section      138  lludiv10.o(.text)
    _printf_input_char                       0x08000999   Thumb Code    10  _printf_char_common.o(.text)
    .text                                    0x08000998   Section        0  _printf_char_common.o(.text)
    .text                                    0x080009c8   Section        0  _printf_fp_infnan.o(.text)
    .text                                    0x08000a48   Section        0  bigflt0.o(.text)
    .text                                    0x08000b2c   Section        0  ferror.o(.text)
    .text                                    0x08000b34   Section        8  libspace.o(.text)
    .text                                    0x08000b3c   Section       74  sys_stackheap_outer.o(.text)
    .text                                    0x08000b86   Section        0  exit.o(.text)
    .text                                    0x08000b98   Section      128  strcmpv7m.o(.text)
    .text                                    0x08000c18   Section        0  sys_exit.o(.text)
    .text                                    0x08000c24   Section        2  use_no_semi.o(.text)
    .text                                    0x08000c26   Section        0  indicate_semi.o(.text)
    [Anonymous Symbol]                       0x08000c28   Section        0  mpu6050.o(.text.I2C_Read)
    [Anonymous Symbol]                       0x08000c54   Section        0  mpu6050.o(.text.I2C_Write8)
    ITM_SendChar                             0x08000c75   Thumb Code    44  helperv2.o(.text.ITM_SendChar)
    [Anonymous Symbol]                       0x08000c74   Section        0  helperv2.o(.text.ITM_SendChar)
    [Anonymous Symbol]                       0x08000ca0   Section        0  mpu6050.o(.text.MPU6050_Config)
    [Anonymous Symbol]                       0x08000d6c   Section        0  mpu6050.o(.text.MPU6050_Get_Accel_RawData)
    [Anonymous Symbol]                       0x08000df4   Section        0  mpu6050.o(.text.MPU6050_Get_Accel_Scale)
    [Anonymous Symbol]                       0x08000e48   Section        0  mpu6050.o(.text.MPU6050_Set_SMPRT_DIV)
    SetSysClock                              0x08000e55   Thumb Code     8  system_stm32f10x.o(.text.SetSysClock)
    [Anonymous Symbol]                       0x08000e54   Section        0  system_stm32f10x.o(.text.SetSysClock)
    SetSysClockTo72                          0x08000e5d   Thumb Code   190  system_stm32f10x.o(.text.SetSysClockTo72)
    [Anonymous Symbol]                       0x08000e5c   Section        0  system_stm32f10x.o(.text.SetSysClockTo72)
    [Anonymous Symbol]                       0x08000f1c   Section        0  rcc.o(.text.SysTick_Handler)
    [Anonymous Symbol]                       0x08000f34   Section        0  system_stm32f10x.o(.text.SystemCoreClockUpdate)
    [Anonymous Symbol]                       0x08000fa4   Section        0  system_stm32f10x.o(.text.SystemInit)
    __NVIC_SetPriority                       0x08000ffd   Thumb Code    14  rcc.o(.text.__NVIC_SetPriority)
    [Anonymous Symbol]                       0x08000ffc   Section        0  rcc.o(.text.__NVIC_SetPriority)
    [Anonymous Symbol]                       0x0800100c   Section        0  rcc.o(.text.delay)
    [Anonymous Symbol]                       0x08001030   Section        0  helperv2.o(.text.fputc)
    [Anonymous Symbol]                       0x08001044   Section        0  i2c.o(.text.i2c_I2C1_config)
    [Anonymous Symbol]                       0x08001090   Section        0  i2c.o(.text.i2c_I2C1_gpioConfig)
    [Anonymous Symbol]                       0x080010e4   Section        0  i2c.o(.text.i2c_I2C1_isSlaveAddressExist)
    [Anonymous Symbol]                       0x080011a8   Section        0  i2c.o(.text.i2c_I2C1_masterReceive)
    [Anonymous Symbol]                       0x08001428   Section        0  i2c.o(.text.i2c_I2C1_masterTransmit)
    [Anonymous Symbol]                       0x08001524   Section        0  main.o(.text.main)
    [Anonymous Symbol]                       0x08001690   Section        0  rcc.o(.text.millis)
    [Anonymous Symbol]                       0x080016b0   Section        0  rcc.o(.text.rcc_HSE_config)
    [Anonymous Symbol]                       0x08001758   Section        0  rcc.o(.text.rcc_systick_config)
    [Anonymous Symbol]                       0x08001778   Section        0  uart.o(.text.uart1_config)
    [Anonymous Symbol]                       0x080017a4   Section        0  uart.o(.text.uart1_gpio_init)
    [Anonymous Symbol]                       0x080017d0   Section        0  uart.o(.text.uart1_write)
    CL$$btod_d2e                             0x080017e2   Section       62  btod.o(CL$$btod_d2e)
    CL$$btod_d2e_denorm_low                  0x08001820   Section       70  btod.o(CL$$btod_d2e_denorm_low)
    CL$$btod_d2e_norm_op1                    0x08001866   Section       96  btod.o(CL$$btod_d2e_norm_op1)
    CL$$btod_div_common                      0x080018c8   Section      824  btod.o(CL$$btod_div_common)
    CL$$btod_e2e                             0x08001c00   Section      220  btod.o(CL$$btod_e2e)
    CL$$btod_ediv                            0x08001cdc   Section       42  btod.o(CL$$btod_ediv)
    CL$$btod_emul                            0x08001d06   Section       42  btod.o(CL$$btod_emul)
    CL$$btod_mult_common                     0x08001d30   Section      580  btod.o(CL$$btod_mult_common)
    i.__ARM_fpclassify                       0x08001f74   Section        0  fpclassify.o(i.__ARM_fpclassify)
    i._is_digit                              0x08001f9c   Section        0  __printf_wp.o(i._is_digit)
    locale$$code                             0x08001fac   Section       44  lc_numeric_c.o(locale$$code)
    x$fpl$dretinf                            0x08001fd8   Section       12  dretinf.o(x$fpl$dretinf)
    x$fpl$f2d                                0x08001fe4   Section       86  f2d.o(x$fpl$f2d)
    x$fpl$fflt                               0x0800203c   Section       48  fflt_clz.o(x$fpl$fflt)
    x$fpl$fmul                               0x0800206c   Section      258  fmul.o(x$fpl$fmul)
    x$fpl$fnaninf                            0x0800216e   Section      140  fnaninf.o(x$fpl$fnaninf)
    x$fpl$fretinf                            0x080021fa   Section       10  fretinf.o(x$fpl$fretinf)
    x$fpl$printf1                            0x08002204   Section        4  printf1.o(x$fpl$printf1)
    uc_hextab                                0x08002208   Data          20  _printf_hex_int.o(.constdata)
    .constdata                               0x08002208   Section       40  _printf_hex_int.o(.constdata)
    x$fpl$usenofp                            0x08002208   Section        0  usenofp.o(x$fpl$usenofp)
    lc_hextab                                0x0800221c   Data          20  _printf_hex_int.o(.constdata)
    maptable                                 0x08002230   Data          17  __printf_flags_wp.o(.constdata)
    .constdata                               0x08002230   Section       17  __printf_flags_wp.o(.constdata)
    tenpwrs_x                                0x08002244   Data          60  bigflt0.o(.constdata)
    .constdata                               0x08002244   Section      148  bigflt0.o(.constdata)
    tenpwrs_i                                0x08002280   Data          64  bigflt0.o(.constdata)
    locale$$data                             0x08002308   Section       28  lc_numeric_c.o(locale$$data)
    __lcnum_c_name                           0x0800230c   Data           2  lc_numeric_c.o(locale$$data)
    __lcnum_c_start                          0x08002314   Data           0  lc_numeric_c.o(locale$$data)
    __lcnum_c_point                          0x08002320   Data           0  lc_numeric_c.o(locale$$data)
    __lcnum_c_thousands                      0x08002322   Data           0  lc_numeric_c.o(locale$$data)
    __lcnum_c_grouping                       0x08002323   Data           0  lc_numeric_c.o(locale$$data)
    __lcnum_c_end                            0x08002324   Data           0  lc_numeric_c.o(locale$$data)
    .bss                                     0x20000008   Section       96  libspace.o(.bss)
    GyroRW.0                                 0x20000068   Data           2  mpu6050.o(.bss.GyroRW.0)
    [Anonymous Symbol]                       0x20000068   Section        0  mpu6050.o(.bss.GyroRW.0)
    GyroRW.1                                 0x2000006a   Data           2  mpu6050.o(.bss.GyroRW.1)
    [Anonymous Symbol]                       0x2000006a   Section        0  mpu6050.o(.bss.GyroRW.1)
    GyroRW.2                                 0x2000006c   Data           2  mpu6050.o(.bss.GyroRW.2)
    [Anonymous Symbol]                       0x2000006c   Section        0  mpu6050.o(.bss.GyroRW.2)
    accelScalingFactor                       0x200000c4   Data           4  mpu6050.o(.bss.accelScalingFactor)
    [Anonymous Symbol]                       0x200000c4   Section        0  mpu6050.o(.bss.accelScalingFactor)
    gyroScalingFactor                        0x200000c8   Data           4  mpu6050.o(.bss.gyroScalingFactor)
    [Anonymous Symbol]                       0x200000c8   Section        0  mpu6050.o(.bss.gyroScalingFactor)
    Heap_Mem                                 0x200000e8   Data         512  startup_stm32f10x_md.o(HEAP)
    HEAP                                     0x200000e8   Section      512  startup_stm32f10x_md.o(HEAP)
    Stack_Mem                                0x200002e8   Data        1024  startup_stm32f10x_md.o(STACK)
    STACK                                    0x200002e8   Section     1024  startup_stm32f10x_md.o(STACK)
    __initial_sp                             0x200006e8   Data           0  startup_stm32f10x_md.o(STACK)

    Global Symbols

    Symbol Name                              Value     Ov Type        Size  Object(Section)

    BuildAttributes$$THM_ISAv4$P$D$K$B$S$PE$A:L22UL41UL21$X:L11$S22US41US21$IEEE1$IW$~IW$USESV6$~STKCKD$USESV7$~SHL$OTIME$ROPI$IEEEJ$EBA8$UX$STANDARDLIB$REQ8$PRES8$EABIv2 0x00000000   Number         0  anon$$obj.o ABSOLUTE
    __fp_init_empty                          0x00000000   Number         0  fpinit_empty.o ABSOLUTE
    _printf_flags                            0x00000000   Number         0  printf_stubs.o ABSOLUTE
    _printf_return_value                     0x00000000   Number         0  printf_stubs.o ABSOLUTE
    _printf_sizespec                         0x00000000   Number         0  printf_stubs.o ABSOLUTE
    _printf_widthprec                        0x00000000   Number         0  printf_stubs.o ABSOLUTE
    __ARM_exceptions_init                     - Undefined Weak Reference
    __alloca_initialize                       - Undefined Weak Reference
    __arm_preinit_                            - Undefined Weak Reference
    __cpp_initialize__aeabi_                  - Undefined Weak Reference
    __cxa_finalize                            - Undefined Weak Reference
    __sigvec_lookup                           - Undefined Weak Reference
    _atexit_init                              - Undefined Weak Reference
    _call_atexit_fns                          - Undefined Weak Reference
    _clock_init                               - Undefined Weak Reference
    _fp_trap_init                             - Undefined Weak Reference
    _fp_trap_shutdown                         - Undefined Weak Reference
    _get_lc_collate                           - Undefined Weak Reference
    _get_lc_ctype                             - Undefined Weak Reference
    _get_lc_monetary                          - Undefined Weak Reference
    _get_lc_time                              - Undefined Weak Reference
    _getenv_init                              - Undefined Weak Reference
    _handle_redirection                       - Undefined Weak Reference
    _init_alloc                               - Undefined Weak Reference
    _init_user_alloc                          - Undefined Weak Reference
    _initio                                   - Undefined Weak Reference
    _mutex_acquire                            - Undefined Weak Reference
    _mutex_release                            - Undefined Weak Reference
    _printf_truncate_unsigned                 - Undefined Weak Reference
    _rand_init                                - Undefined Weak Reference
    _signal_finish                            - Undefined Weak Reference
    _signal_init                              - Undefined Weak Reference
    _terminate_alloc                          - Undefined Weak Reference
    _terminate_user_alloc                     - Undefined Weak Reference
    _terminateio                              - Undefined Weak Reference
    __Vectors_Size                           0x000000ec   Number         0  startup_stm32f10x_md.o ABSOLUTE
    __Vectors                                0x08000000   Data           4  startup_stm32f10x_md.o(RESET)
    __Vectors_End                            0x080000ec   Data           0  startup_stm32f10x_md.o(RESET)
    __main                                   0x080000ed   Thumb Code     8  __main.o(!!!main)
    __scatterload                            0x080000f5   Thumb Code     0  __scatter.o(!!!scatter)
    __scatterload_rt2                        0x080000f5   Thumb Code    44  __scatter.o(!!!scatter)
    __scatterload_rt2_thumb_only             0x080000f5   Thumb Code     0  __scatter.o(!!!scatter)
    __scatterload_null                       0x08000103   Thumb Code     0  __scatter.o(!!!scatter)
    __scatterload_copy                       0x08000129   Thumb Code    26  __scatter_copy.o(!!handler_copy)
    __scatterload_zeroinit                   0x08000145   Thumb Code    28  __scatter_zi.o(!!handler_zi)
    _printf_f                                0x08000161   Thumb Code     0  _printf_f.o(.ARM.Collect$$_printf_percent$$00000003)
    _printf_percent                          0x08000161   Thumb Code     0  _printf_percent.o(.ARM.Collect$$_printf_percent$$00000000)
    _printf_x                                0x08000167   Thumb Code     0  _printf_x.o(.ARM.Collect$$_printf_percent$$0000000C)
    _printf_percent_end                      0x0800016d   Thumb Code     0  _printf_percent_end.o(.ARM.Collect$$_printf_percent$$00000017)
    __rt_lib_init                            0x08000171   Thumb Code     0  libinit.o(.ARM.Collect$$libinit$$00000000)
    __rt_lib_init_fp_1                       0x08000173   Thumb Code     0  libinit2.o(.ARM.Collect$$libinit$$00000002)
    __rt_lib_init_heap_1                     0x08000173   Thumb Code     0  libinit2.o(.ARM.Collect$$libinit$$0000000A)
    __rt_lib_init_lc_common                  0x08000173   Thumb Code     0  libinit2.o(.ARM.Collect$$libinit$$0000000F)
    __rt_lib_init_preinit_1                  0x08000173   Thumb Code     0  libinit2.o(.ARM.Collect$$libinit$$00000004)
    __rt_lib_init_rand_1                     0x08000173   Thumb Code     0  libinit2.o(.ARM.Collect$$libinit$$0000000E)
    __rt_lib_init_user_alloc_1               0x08000173   Thumb Code     0  libinit2.o(.ARM.Collect$$libinit$$0000000C)
    __rt_lib_init_lc_collate_1               0x08000179   Thumb Code     0  libinit2.o(.ARM.Collect$$libinit$$00000011)
    __rt_lib_init_lc_ctype_1                 0x08000179   Thumb Code     0  libinit2.o(.ARM.Collect$$libinit$$00000013)
    __rt_lib_init_lc_monetary_1              0x08000179   Thumb Code     0  libinit2.o(.ARM.Collect$$libinit$$00000015)
    __rt_lib_init_lc_numeric_2               0x08000179   Thumb Code     0  libinit2.o(.ARM.Collect$$libinit$$00000016)
    __rt_lib_init_alloca_1                   0x08000183   Thumb Code     0  libinit2.o(.ARM.Collect$$libinit$$0000002E)
    __rt_lib_init_argv_1                     0x08000183   Thumb Code     0  libinit2.o(.ARM.Collect$$libinit$$0000002C)
    __rt_lib_init_atexit_1                   0x08000183   Thumb Code     0  libinit2.o(.ARM.Collect$$libinit$$0000001B)
    __rt_lib_init_clock_1                    0x08000183   Thumb Code     0  libinit2.o(.ARM.Collect$$libinit$$00000021)
    __rt_lib_init_cpp_1                      0x08000183   Thumb Code     0  libinit2.o(.ARM.Collect$$libinit$$00000032)
    __rt_lib_init_exceptions_1               0x08000183   Thumb Code     0  libinit2.o(.ARM.Collect$$libinit$$00000030)
    __rt_lib_init_fp_trap_1                  0x08000183   Thumb Code     0  libinit2.o(.ARM.Collect$$libinit$$0000001F)
    __rt_lib_init_getenv_1                   0x08000183   Thumb Code     0  libinit2.o(.ARM.Collect$$libinit$$00000023)
    __rt_lib_init_lc_numeric_1               0x08000183   Thumb Code     0  libinit2.o(.ARM.Collect$$libinit$$00000017)
    __rt_lib_init_lc_time_1                  0x08000183   Thumb Code     0  libinit2.o(.ARM.Collect$$libinit$$00000019)
    __rt_lib_init_return                     0x08000183   Thumb Code     0  libinit2.o(.ARM.Collect$$libinit$$00000033)
    __rt_lib_init_signal_1                   0x08000183   Thumb Code     0  libinit2.o(.ARM.Collect$$libinit$$0000001D)
    __rt_lib_init_stdio_1                    0x08000183   Thumb Code     0  libinit2.o(.ARM.Collect$$libinit$$00000025)
    __rt_lib_shutdown                        0x08000185   Thumb Code     0  libshutdown.o(.ARM.Collect$$libshutdown$$00000000)
    __rt_lib_shutdown_cpp_1                  0x08000187   Thumb Code     0  libshutdown2.o(.ARM.Collect$$libshutdown$$00000002)
    __rt_lib_shutdown_fp_trap_1              0x08000187   Thumb Code     0  libshutdown2.o(.ARM.Collect$$libshutdown$$00000007)
    __rt_lib_shutdown_heap_1                 0x08000187   Thumb Code     0  libshutdown2.o(.ARM.Collect$$libshutdown$$0000000F)
    __rt_lib_shutdown_return                 0x08000187   Thumb Code     0  libshutdown2.o(.ARM.Collect$$libshutdown$$00000010)
    __rt_lib_shutdown_signal_1               0x08000187   Thumb Code     0  libshutdown2.o(.ARM.Collect$$libshutdown$$0000000A)
    __rt_lib_shutdown_stdio_1                0x08000187   Thumb Code     0  libshutdown2.o(.ARM.Collect$$libshutdown$$00000004)
    __rt_lib_shutdown_user_alloc_1           0x08000187   Thumb Code     0  libshutdown2.o(.ARM.Collect$$libshutdown$$0000000C)
    __rt_entry                               0x08000189   Thumb Code     0  __rtentry.o(.ARM.Collect$$rtentry$$00000000)
    __rt_entry_presh_1                       0x08000189   Thumb Code     0  __rtentry2.o(.ARM.Collect$$rtentry$$00000002)
    __rt_entry_sh                            0x08000189   Thumb Code     0  __rtentry4.o(.ARM.Collect$$rtentry$$00000004)
    __rt_entry_li                            0x0800018f   Thumb Code     0  __rtentry2.o(.ARM.Collect$$rtentry$$0000000A)
    __rt_entry_postsh_1                      0x0800018f   Thumb Code     0  __rtentry2.o(.ARM.Collect$$rtentry$$00000009)
    __rt_entry_main                          0x08000193   Thumb Code     0  __rtentry2.o(.ARM.Collect$$rtentry$$0000000D)
    __rt_entry_postli_1                      0x08000193   Thumb Code     0  __rtentry2.o(.ARM.Collect$$rtentry$$0000000C)
    __rt_exit                                0x0800019b   Thumb Code     0  rtexit.o(.ARM.Collect$$rtexit$$00000000)
    __rt_exit_ls                             0x0800019d   Thumb Code     0  rtexit2.o(.ARM.Collect$$rtexit$$00000003)
    __rt_exit_prels_1                        0x0800019d   Thumb Code     0  rtexit2.o(.ARM.Collect$$rtexit$$00000002)
    __rt_exit_exit                           0x080001a1   Thumb Code     0  rtexit2.o(.ARM.Collect$$rtexit$$00000004)
    Reset_Handler                            0x080001a9   Thumb Code     8  startup_stm32f10x_md.o(.text)
    NMI_Handler                              0x080001b1   Thumb Code     2  startup_stm32f10x_md.o(.text)
    HardFault_Handler                        0x080001b3   Thumb Code     2  startup_stm32f10x_md.o(.text)
    MemManage_Handler                        0x080001b5   Thumb Code     2  startup_stm32f10x_md.o(.text)
    BusFault_Handler                         0x080001b7   Thumb Code     2  startup_stm32f10x_md.o(.text)
    UsageFault_Handler                       0x080001b9   Thumb Code     2  startup_stm32f10x_md.o(.text)
    SVC_Handler                              0x080001bb   Thumb Code     2  startup_stm32f10x_md.o(.text)
    DebugMon_Handler                         0x080001bd   Thumb Code     2  startup_stm32f10x_md.o(.text)
    PendSV_Handler                           0x080001bf   Thumb Code     2  startup_stm32f10x_md.o(.text)
    ADC1_2_IRQHandler                        0x080001c3   Thumb Code     0  startup_stm32f10x_md.o(.text)
    CAN1_RX1_IRQHandler                      0x080001c3   Thumb Code     0  startup_stm32f10x_md.o(.text)
    CAN1_SCE_IRQHandler                      0x080001c3   Thumb Code     0  startup_stm32f10x_md.o(.text)
    DMA1_Channel1_IRQHandler                 0x080001c3   Thumb Code     0  startup_stm32f10x_md.o(.text)
    DMA1_Channel2_IRQHandler                 0x080001c3   Thumb Code     0  startup_stm32f10x_md.o(.text)
    DMA1_Channel3_IRQHandler                 0x080001c3   Thumb Code     0  startup_stm32f10x_md.o(.text)
    DMA1_Channel4_IRQHandler                 0x080001c3   Thumb Code     0  startup_stm32f10x_md.o(.text)
    DMA1_Channel5_IRQHandler                 0x080001c3   Thumb Code     0  startup_stm32f10x_md.o(.text)
    DMA1_Channel6_IRQHandler                 0x080001c3   Thumb Code     0  startup_stm32f10x_md.o(.text)
    DMA1_Channel7_IRQHandler                 0x080001c3   Thumb Code     0  startup_stm32f10x_md.o(.text)
    EXTI0_IRQHandler                         0x080001c3   Thumb Code     0  startup_stm32f10x_md.o(.text)
    EXTI15_10_IRQHandler                     0x080001c3   Thumb Code     0  startup_stm32f10x_md.o(.text)
    EXTI1_IRQHandler                         0x080001c3   Thumb Code     0  startup_stm32f10x_md.o(.text)
    EXTI2_IRQHandler                         0x080001c3   Thumb Code     0  startup_stm32f10x_md.o(.text)
    EXTI3_IRQHandler                         0x080001c3   Thumb Code     0  startup_stm32f10x_md.o(.text)
    EXTI4_IRQHandler                         0x080001c3   Thumb Code     0  startup_stm32f10x_md.o(.text)
    EXTI9_5_IRQHandler                       0x080001c3   Thumb Code     0  startup_stm32f10x_md.o(.text)
    FLASH_IRQHandler                         0x080001c3   Thumb Code     0  startup_stm32f10x_md.o(.text)
    I2C1_ER_IRQHandler                       0x080001c3   Thumb Code     0  startup_stm32f10x_md.o(.text)
    I2C1_EV_IRQHandler                       0x080001c3   Thumb Code     0  startup_stm32f10x_md.o(.text)
    I2C2_ER_IRQHandler                       0x080001c3   Thumb Code     0  startup_stm32f10x_md.o(.text)
    I2C2_EV_IRQHandler                       0x080001c3   Thumb Code     0  startup_stm32f10x_md.o(.text)
    PVD_IRQHandler                           0x080001c3   Thumb Code     0  startup_stm32f10x_md.o(.text)
    RCC_IRQHandler                           0x080001c3   Thumb Code     0  startup_stm32f10x_md.o(.text)
    RTCAlarm_IRQHandler                      0x080001c3   Thumb Code     0  startup_stm32f10x_md.o(.text)
    RTC_IRQHandler                           0x080001c3   Thumb Code     0  startup_stm32f10x_md.o(.text)
    SPI1_IRQHandler                          0x080001c3   Thumb Code     0  startup_stm32f10x_md.o(.text)
    SPI2_IRQHandler                          0x080001c3   Thumb Code     0  startup_stm32f10x_md.o(.text)
    TAMPER_IRQHandler                        0x080001c3   Thumb Code     0  startup_stm32f10x_md.o(.text)
    TIM1_BRK_IRQHandler                      0x080001c3   Thumb Code     0  startup_stm32f10x_md.o(.text)
    TIM1_CC_IRQHandler                       0x080001c3   Thumb Code     0  startup_stm32f10x_md.o(.text)
    TIM1_TRG_COM_IRQHandler                  0x080001c3   Thumb Code     0  startup_stm32f10x_md.o(.text)
    TIM1_UP_IRQHandler                       0x080001c3   Thumb Code     0  startup_stm32f10x_md.o(.text)
    TIM2_IRQHandler                          0x080001c3   Thumb Code     0  startup_stm32f10x_md.o(.text)
    TIM3_IRQHandler                          0x080001c3   Thumb Code     0  startup_stm32f10x_md.o(.text)
    TIM4_IRQHandler                          0x080001c3   Thumb Code     0  startup_stm32f10x_md.o(.text)
    USART1_IRQHandler                        0x080001c3   Thumb Code     0  startup_stm32f10x_md.o(.text)
    USART2_IRQHandler                        0x080001c3   Thumb Code     0  startup_stm32f10x_md.o(.text)
    USART3_IRQHandler                        0x080001c3   Thumb Code     0  startup_stm32f10x_md.o(.text)
    USBWakeUp_IRQHandler                     0x080001c3   Thumb Code     0  startup_stm32f10x_md.o(.text)
    USB_HP_CAN1_TX_IRQHandler                0x080001c3   Thumb Code     0  startup_stm32f10x_md.o(.text)
    USB_LP_CAN1_RX0_IRQHandler               0x080001c3   Thumb Code     0  startup_stm32f10x_md.o(.text)
    WWDG_IRQHandler                          0x080001c3   Thumb Code     0  startup_stm32f10x_md.o(.text)
    __user_initial_stackheap                 0x080001c5   Thumb Code     0  startup_stm32f10x_md.o(.text)
    __2printf                                0x080001e9   Thumb Code    20  noretval__2printf.o(.text)
    _printf_pre_padding                      0x08000201   Thumb Code    44  _printf_pad.o(.text)
    _printf_post_padding                     0x0800022d   Thumb Code    34  _printf_pad.o(.text)
    _printf_int_hex                          0x08000251   Thumb Code    84  _printf_hex_int.o(.text)
    _printf_longlong_hex                     0x08000251   Thumb Code     0  _printf_hex_int.o(.text)
    __printf                                 0x080002a9   Thumb Code   308  __printf_flags_wp.o(.text)
    puts                                     0x080003e1   Thumb Code    40  puts.o(.text)
    __use_two_region_memory                  0x0800040d   Thumb Code     2  heapauxi.o(.text)
    __rt_heap_escrow$2region                 0x0800040f   Thumb Code     2  heapauxi.o(.text)
    __rt_heap_expand$2region                 0x08000411   Thumb Code     2  heapauxi.o(.text)
    _printf_int_common                       0x08000413   Thumb Code   178  _printf_intcommon.o(.text)
    _printf_fp_dec_real                      0x08000675   Thumb Code   620  _printf_fp_dec.o(.text)
    _printf_char_file                        0x080008e1   Thumb Code    32  _printf_char_file.o(.text)
    __rt_locale                              0x08000905   Thumb Code     8  rt_locale_intlibspace.o(.text)
    _ll_udiv10                               0x0800090d   Thumb Code   138  lludiv10.o(.text)
    _printf_char_common                      0x080009a3   Thumb Code    32  _printf_char_common.o(.text)
    _printf_fp_infnan                        0x080009c9   Thumb Code   112  _printf_fp_infnan.o(.text)
    _btod_etento                             0x08000a49   Thumb Code   224  bigflt0.o(.text)
    ferror                                   0x08000b2d   Thumb Code     8  ferror.o(.text)
    __user_libspace                          0x08000b35   Thumb Code     8  libspace.o(.text)
    __user_perproc_libspace                  0x08000b35   Thumb Code     0  libspace.o(.text)
    __user_perthread_libspace                0x08000b35   Thumb Code     0  libspace.o(.text)
    __user_setup_stackheap                   0x08000b3d   Thumb Code    74  sys_stackheap_outer.o(.text)
    exit                                     0x08000b87   Thumb Code    18  exit.o(.text)
    strcmp                                   0x08000b99   Thumb Code   128  strcmpv7m.o(.text)
    _sys_exit                                0x08000c19   Thumb Code     8  sys_exit.o(.text)
    __I$use$semihosting                      0x08000c25   Thumb Code     0  use_no_semi.o(.text)
    __use_no_semihosting_swi                 0x08000c25   Thumb Code     2  use_no_semi.o(.text)
    __semihosting_library_function           0x08000c27   Thumb Code     0  indicate_semi.o(.text)
    I2C_Read                                 0x08000c29   Thumb Code    42  mpu6050.o(.text.I2C_Read)
    I2C_Write8                               0x08000c55   Thumb Code    30  mpu6050.o(.text.I2C_Write8)
    MPU6050_Config                           0x08000ca1   Thumb Code   202  mpu6050.o(.text.MPU6050_Config)
    MPU6050_Get_Accel_RawData                0x08000d6d   Thumb Code   136  mpu6050.o(.text.MPU6050_Get_Accel_RawData)
    MPU6050_Get_Accel_Scale                  0x08000df5   Thumb Code    84  mpu6050.o(.text.MPU6050_Get_Accel_Scale)
    MPU6050_Set_SMPRT_DIV                    0x08000e49   Thumb Code    12  mpu6050.o(.text.MPU6050_Set_SMPRT_DIV)
    SysTick_Handler                          0x08000f1d   Thumb Code    24  rcc.o(.text.SysTick_Handler)
    SystemCoreClockUpdate                    0x08000f35   Thumb Code   110  system_stm32f10x.o(.text.SystemCoreClockUpdate)
    SystemInit                               0x08000fa5   Thumb Code    86  system_stm32f10x.o(.text.SystemInit)
    delay                                    0x0800100d   Thumb Code    36  rcc.o(.text.delay)
    fputc                                    0x08001031   Thumb Code    18  helperv2.o(.text.fputc)
    i2c_I2C1_config                          0x08001045   Thumb Code    76  i2c.o(.text.i2c_I2C1_config)
    i2c_I2C1_gpioConfig                      0x08001091   Thumb Code    82  i2c.o(.text.i2c_I2C1_gpioConfig)
    i2c_I2C1_isSlaveAddressExist             0x080010e5   Thumb Code   194  i2c.o(.text.i2c_I2C1_isSlaveAddressExist)
    i2c_I2C1_masterReceive                   0x080011a9   Thumb Code   638  i2c.o(.text.i2c_I2C1_masterReceive)
    i2c_I2C1_masterTransmit                  0x08001429   Thumb Code   250  i2c.o(.text.i2c_I2C1_masterTransmit)
    main                                     0x08001525   Thumb Code   224  main.o(.text.main)
    millis                                   0x08001691   Thumb Code    32  rcc.o(.text.millis)
    rcc_HSE_config                           0x080016b1   Thumb Code   168  rcc.o(.text.rcc_HSE_config)
    rcc_systick_config                       0x08001759   Thumb Code    32  rcc.o(.text.rcc_systick_config)
    uart1_config                             0x08001779   Thumb Code    44  uart.o(.text.uart1_config)
    uart1_gpio_init                          0x080017a5   Thumb Code    44  uart.o(.text.uart1_gpio_init)
    uart1_write                              0x080017d1   Thumb Code    18  uart.o(.text.uart1_write)
    _btod_d2e                                0x080017e3   Thumb Code    62  btod.o(CL$$btod_d2e)
    _d2e_denorm_low                          0x08001821   Thumb Code    70  btod.o(CL$$btod_d2e_denorm_low)
    _d2e_norm_op1                            0x08001867   Thumb Code    96  btod.o(CL$$btod_d2e_norm_op1)
    __btod_div_common                        0x080018c9   Thumb Code   696  btod.o(CL$$btod_div_common)
    _e2e                                     0x08001c01   Thumb Code   220  btod.o(CL$$btod_e2e)
    _btod_ediv                               0x08001cdd   Thumb Code    42  btod.o(CL$$btod_ediv)
    _btod_emul                               0x08001d07   Thumb Code    42  btod.o(CL$$btod_emul)
    __btod_mult_common                       0x08001d31   Thumb Code   580  btod.o(CL$$btod_mult_common)
    __ARM_fpclassify                         0x08001f75   Thumb Code    40  fpclassify.o(i.__ARM_fpclassify)
    _is_digit                                0x08001f9d   Thumb Code    14  __printf_wp.o(i._is_digit)
    _get_lc_numeric                          0x08001fad   Thumb Code    44  lc_numeric_c.o(locale$$code)
    __fpl_dretinf                            0x08001fd9   Thumb Code    12  dretinf.o(x$fpl$dretinf)
    __aeabi_f2d                              0x08001fe5   Thumb Code     0  f2d.o(x$fpl$f2d)
    _f2d                                     0x08001fe5   Thumb Code    86  f2d.o(x$fpl$f2d)
    __aeabi_i2f                              0x0800203d   Thumb Code     0  fflt_clz.o(x$fpl$fflt)
    _fflt                                    0x0800203d   Thumb Code    48  fflt_clz.o(x$fpl$fflt)
    __aeabi_fmul                             0x0800206d   Thumb Code     0  fmul.o(x$fpl$fmul)
    _fmul                                    0x0800206d   Thumb Code   258  fmul.o(x$fpl$fmul)
    __fpl_fnaninf                            0x0800216f   Thumb Code   140  fnaninf.o(x$fpl$fnaninf)
    __fpl_fretinf                            0x080021fb   Thumb Code    10  fretinf.o(x$fpl$fretinf)
    _printf_fp_dec                           0x08002205   Thumb Code     4  printf1.o(x$fpl$printf1)
    __I$use$fp                               0x08002208   Number         0  usenofp.o(x$fpl$usenofp)
    AHBPrescTable                            0x080022d8   Data          16  system_stm32f10x.o(.rodata.AHBPrescTable)
    Region$$Table$$Base                      0x080022e8   Number         0  anon$$obj.o(Region$$Table)
    Region$$Table$$Limit                     0x08002308   Number         0  anon$$obj.o(Region$$Table)
    SystemCoreClock                          0x20000000   Data           4  system_stm32f10x.o(.data.SystemCoreClock)
    __libspace_start                         0x20000008   Data          96  libspace.o(.bss)
    __temporary_stack_top$libspace           0x20000068   Data           0  libspace.o(.bss)
    __stdout                                 0x20000070   Data          84  helperv2.o(.bss.__stdout)
    ms                                       0x200000d0   Data           8  rcc.o(.bss.ms)
    msr                                      0x200000d8   Data           8  rcc.o(.bss.msr)
    previous                                 0x200000e0   Data           8  main.o(.bss.previous)



==============================================================================

Memory Map of the image

  Image Entry point : 0x080000ed

  Load Region LR_IROM1 (Base: 0x08000000, Size: 0x00002330, Max: 0x00010000, ABSOLUTE)

    Execution Region ER_IROM1 (Exec base: 0x08000000, Load base: 0x08000000, Size: 0x00002324, Max: 0x00010000, ABSOLUTE)

    Exec Addr    Load Addr    Size         Type   Attr      Idx    E Section Name        Object

    0x08000000   0x08000000   0x000000ec   Data   RO          148    RESET               startup_stm32f10x_md.o
    0x080000ec   0x080000ec   0x00000008   Code   RO          231  * !!!main             c_w.l(__main.o)
    0x080000f4   0x080000f4   0x00000034   Code   RO          485    !!!scatter          c_w.l(__scatter.o)
    0x08000128   0x08000128   0x0000001a   Code   RO          487    !!handler_copy      c_w.l(__scatter_copy.o)
    0x08000142   0x08000142   0x00000002   PAD
    0x08000144   0x08000144   0x0000001c   Code   RO          489    !!handler_zi        c_w.l(__scatter_zi.o)
    0x08000160   0x08000160   0x00000000   Code   RO          226    .ARM.Collect$$_printf_percent$$00000000  c_w.l(_printf_percent.o)
    0x08000160   0x08000160   0x00000006   Code   RO          225    .ARM.Collect$$_printf_percent$$00000003  c_w.l(_printf_f.o)
    0x08000166   0x08000166   0x00000006   Code   RO          224    .ARM.Collect$$_printf_percent$$0000000C  c_w.l(_printf_x.o)
    0x0800016c   0x0800016c   0x00000004   Code   RO          260    .ARM.Collect$$_printf_percent$$00000017  c_w.l(_printf_percent_end.o)
    0x08000170   0x08000170   0x00000002   Code   RO          350    .ARM.Collect$$libinit$$00000000  c_w.l(libinit.o)
    0x08000172   0x08000172   0x00000000   Code   RO          352    .ARM.Collect$$libinit$$00000002  c_w.l(libinit2.o)
    0x08000172   0x08000172   0x00000000   Code   RO          354    .ARM.Collect$$libinit$$00000004  c_w.l(libinit2.o)
    0x08000172   0x08000172   0x00000000   Code   RO          357    .ARM.Collect$$libinit$$0000000A  c_w.l(libinit2.o)
    0x08000172   0x08000172   0x00000000   Code   RO          359    .ARM.Collect$$libinit$$0000000C  c_w.l(libinit2.o)
    0x08000172   0x08000172   0x00000000   Code   RO          361    .ARM.Collect$$libinit$$0000000E  c_w.l(libinit2.o)
    0x08000172   0x08000172   0x00000006   Code   RO          362    .ARM.Collect$$libinit$$0000000F  c_w.l(libinit2.o)
    0x08000178   0x08000178   0x00000000   Code   RO          364    .ARM.Collect$$libinit$$00000011  c_w.l(libinit2.o)
    0x08000178   0x08000178   0x00000000   Code   RO          366    .ARM.Collect$$libinit$$00000013  c_w.l(libinit2.o)
    0x08000178   0x08000178   0x00000000   Code   RO          368    .ARM.Collect$$libinit$$00000015  c_w.l(libinit2.o)
    0x08000178   0x08000178   0x0000000a   Code   RO          369    .ARM.Collect$$libinit$$00000016  c_w.l(libinit2.o)
    0x08000182   0x08000182   0x00000000   Code   RO          370    .ARM.Collect$$libinit$$00000017  c_w.l(libinit2.o)
    0x08000182   0x08000182   0x00000000   Code   RO          372    .ARM.Collect$$libinit$$00000019  c_w.l(libinit2.o)
    0x08000182   0x08000182   0x00000000   Code   RO          374    .ARM.Collect$$libinit$$0000001B  c_w.l(libinit2.o)
    0x08000182   0x08000182   0x00000000   Code   RO          376    .ARM.Collect$$libinit$$0000001D  c_w.l(libinit2.o)
    0x08000182   0x08000182   0x00000000   Code   RO          378    .ARM.Collect$$libinit$$0000001F  c_w.l(libinit2.o)
    0x08000182   0x08000182   0x00000000   Code   RO          380    .ARM.Collect$$libinit$$00000021  c_w.l(libinit2.o)
    0x08000182   0x08000182   0x00000000   Code   RO          382    .ARM.Collect$$libinit$$00000023  c_w.l(libinit2.o)
    0x08000182   0x08000182   0x00000000   Code   RO          384    .ARM.Collect$$libinit$$00000025  c_w.l(libinit2.o)
    0x08000182   0x08000182   0x00000000   Code   RO          388    .ARM.Collect$$libinit$$0000002C  c_w.l(libinit2.o)
    0x08000182   0x08000182   0x00000000   Code   RO          390    .ARM.Collect$$libinit$$0000002E  c_w.l(libinit2.o)
    0x08000182   0x08000182   0x00000000   Code   RO          392    .ARM.Collect$$libinit$$00000030  c_w.l(libinit2.o)
    0x08000182   0x08000182   0x00000000   Code   RO          394    .ARM.Collect$$libinit$$00000032  c_w.l(libinit2.o)
    0x08000182   0x08000182   0x00000002   Code   RO          395    .ARM.Collect$$libinit$$00000033  c_w.l(libinit2.o)
    0x08000184   0x08000184   0x00000002   Code   RO          431    .ARM.Collect$$libshutdown$$00000000  c_w.l(libshutdown.o)
    0x08000186   0x08000186   0x00000000   Code   RO          442    .ARM.Collect$$libshutdown$$00000002  c_w.l(libshutdown2.o)
    0x08000186   0x08000186   0x00000000   Code   RO          444    .ARM.Collect$$libshutdown$$00000004  c_w.l(libshutdown2.o)
    0x08000186   0x08000186   0x00000000   Code   RO          447    .ARM.Collect$$libshutdown$$00000007  c_w.l(libshutdown2.o)
    0x08000186   0x08000186   0x00000000   Code   RO          450    .ARM.Collect$$libshutdown$$0000000A  c_w.l(libshutdown2.o)
    0x08000186   0x08000186   0x00000000   Code   RO          452    .ARM.Collect$$libshutdown$$0000000C  c_w.l(libshutdown2.o)
    0x08000186   0x08000186   0x00000000   Code   RO          455    .ARM.Collect$$libshutdown$$0000000F  c_w.l(libshutdown2.o)
    0x08000186   0x08000186   0x00000002   Code   RO          456    .ARM.Collect$$libshutdown$$00000010  c_w.l(libshutdown2.o)
    0x08000188   0x08000188   0x00000000   Code   RO          251    .ARM.Collect$$rtentry$$00000000  c_w.l(__rtentry.o)
    0x08000188   0x08000188   0x00000000   Code   RO          269    .ARM.Collect$$rtentry$$00000002  c_w.l(__rtentry2.o)
    0x08000188   0x08000188   0x00000006   Code   RO          281    .ARM.Collect$$rtentry$$00000004  c_w.l(__rtentry4.o)
    0x0800018e   0x0800018e   0x00000000   Code   RO          271    .ARM.Collect$$rtentry$$00000009  c_w.l(__rtentry2.o)
    0x0800018e   0x0800018e   0x00000004   Code   RO          272    .ARM.Collect$$rtentry$$0000000A  c_w.l(__rtentry2.o)
    0x08000192   0x08000192   0x00000000   Code   RO          274    .ARM.Collect$$rtentry$$0000000C  c_w.l(__rtentry2.o)
    0x08000192   0x08000192   0x00000008   Code   RO          275    .ARM.Collect$$rtentry$$0000000D  c_w.l(__rtentry2.o)
    0x0800019a   0x0800019a   0x00000002   Code   RO          396    .ARM.Collect$$rtexit$$00000000  c_w.l(rtexit.o)
    0x0800019c   0x0800019c   0x00000000   Code   RO          405    .ARM.Collect$$rtexit$$00000002  c_w.l(rtexit2.o)
    0x0800019c   0x0800019c   0x00000004   Code   RO          406    .ARM.Collect$$rtexit$$00000003  c_w.l(rtexit2.o)
    0x080001a0   0x080001a0   0x00000006   Code   RO          407    .ARM.Collect$$rtexit$$00000004  c_w.l(rtexit2.o)
    0x080001a6   0x080001a6   0x00000002   PAD
    0x080001a8   0x080001a8   0x00000040   Code   RO          149    .text               startup_stm32f10x_md.o
    0x080001e8   0x080001e8   0x00000018   Code   RO          177    .text               c_w.l(noretval__2printf.o)
    0x08000200   0x08000200   0x0000004e   Code   RO          181    .text               c_w.l(_printf_pad.o)
    0x0800024e   0x0800024e   0x00000002   PAD
    0x08000250   0x08000250   0x00000058   Code   RO          186    .text               c_w.l(_printf_hex_int.o)
    0x080002a8   0x080002a8   0x00000138   Code   RO          216    .text               c_w.l(__printf_flags_wp.o)
    0x080003e0   0x080003e0   0x0000002c   Code   RO          227    .text               c_w.l(puts.o)
    0x0800040c   0x0800040c   0x00000006   Code   RO          229    .text               c_w.l(heapauxi.o)
    0x08000412   0x08000412   0x000000b2   Code   RO          252    .text               c_w.l(_printf_intcommon.o)
    0x080004c4   0x080004c4   0x0000041c   Code   RO          254    .text               c_w.l(_printf_fp_dec.o)
    0x080008e0   0x080008e0   0x00000024   Code   RO          258    .text               c_w.l(_printf_char_file.o)
    0x08000904   0x08000904   0x00000008   Code   RO          286    .text               c_w.l(rt_locale_intlibspace.o)
    0x0800090c   0x0800090c   0x0000008a   Code   RO          288    .text               c_w.l(lludiv10.o)
    0x08000996   0x08000996   0x00000002   PAD
    0x08000998   0x08000998   0x00000030   Code   RO          290    .text               c_w.l(_printf_char_common.o)
    0x080009c8   0x080009c8   0x00000080   Code   RO          292    .text               c_w.l(_printf_fp_infnan.o)
    0x08000a48   0x08000a48   0x000000e4   Code   RO          294    .text               c_w.l(bigflt0.o)
    0x08000b2c   0x08000b2c   0x00000008   Code   RO          321    .text               c_w.l(ferror.o)
    0x08000b34   0x08000b34   0x00000008   Code   RO          332    .text               c_w.l(libspace.o)
    0x08000b3c   0x08000b3c   0x0000004a   Code   RO          335    .text               c_w.l(sys_stackheap_outer.o)
    0x08000b86   0x08000b86   0x00000012   Code   RO          341    .text               c_w.l(exit.o)
    0x08000b98   0x08000b98   0x00000080   Code   RO          343    .text               c_w.l(strcmpv7m.o)
    0x08000c18   0x08000c18   0x0000000c   Code   RO          417    .text               c_w.l(sys_exit.o)
    0x08000c24   0x08000c24   0x00000002   Code   RO          432    .text               c_w.l(use_no_semi.o)
    0x08000c26   0x08000c26   0x00000000   Code   RO          434    .text               c_w.l(indicate_semi.o)
    0x08000c26   0x08000c26   0x00000002   PAD
    0x08000c28   0x08000c28   0x0000002a   Code   RO          105    .text.I2C_Read      mpu6050.o
    0x08000c52   0x08000c52   0x00000002   PAD
    0x08000c54   0x08000c54   0x0000001e   Code   RO          107    .text.I2C_Write8    mpu6050.o
    0x08000c72   0x08000c72   0x00000002   PAD
    0x08000c74   0x08000c74   0x0000002c   Code   RO           39    .text.ITM_SendChar  helperv2.o
    0x08000ca0   0x08000ca0   0x000000ca   Code   RO          109    .text.MPU6050_Config  mpu6050.o
    0x08000d6a   0x08000d6a   0x00000002   PAD
    0x08000d6c   0x08000d6c   0x00000088   Code   RO          119    .text.MPU6050_Get_Accel_RawData  mpu6050.o
    0x08000df4   0x08000df4   0x00000054   Code   RO          121    .text.MPU6050_Get_Accel_Scale  mpu6050.o
    0x08000e48   0x08000e48   0x0000000c   Code   RO          111    .text.MPU6050_Set_SMPRT_DIV  mpu6050.o
    0x08000e54   0x08000e54   0x00000008   Code   RO          158    .text.SetSysClock   system_stm32f10x.o
    0x08000e5c   0x08000e5c   0x000000be   Code   RO          162    .text.SetSysClockTo72  system_stm32f10x.o
    0x08000f1a   0x08000f1a   0x00000002   PAD
    0x08000f1c   0x08000f1c   0x00000018   Code   RO           19    .text.SysTick_Handler  rcc.o
    0x08000f34   0x08000f34   0x0000006e   Code   RO          160    .text.SystemCoreClockUpdate  system_stm32f10x.o
    0x08000fa2   0x08000fa2   0x00000002   PAD
    0x08000fa4   0x08000fa4   0x00000056   Code   RO          156    .text.SystemInit    system_stm32f10x.o
    0x08000ffa   0x08000ffa   0x00000002   PAD
    0x08000ffc   0x08000ffc   0x0000000e   Code   RO           17    .text.__NVIC_SetPriority  rcc.o
    0x0800100a   0x0800100a   0x00000002   PAD
    0x0800100c   0x0800100c   0x00000024   Code   RO           23    .text.delay         rcc.o
    0x08001030   0x08001030   0x00000012   Code   RO           37    .text.fputc         helperv2.o
    0x08001042   0x08001042   0x00000002   PAD
    0x08001044   0x08001044   0x0000004c   Code   RO           89    .text.i2c_I2C1_config  i2c.o
    0x08001090   0x08001090   0x00000052   Code   RO           87    .text.i2c_I2C1_gpioConfig  i2c.o
    0x080010e2   0x080010e2   0x00000002   PAD
    0x080010e4   0x080010e4   0x000000c2   Code   RO           91    .text.i2c_I2C1_isSlaveAddressExist  i2c.o
    0x080011a6   0x080011a6   0x00000002   PAD
    0x080011a8   0x080011a8   0x0000027e   Code   RO           95    .text.i2c_I2C1_masterReceive  i2c.o
    0x08001426   0x08001426   0x00000002   PAD
    0x08001428   0x08001428   0x000000fa   Code   RO           93    .text.i2c_I2C1_masterTransmit  i2c.o
    0x08001522   0x08001522   0x00000002   PAD
    0x08001524   0x08001524   0x0000016c   Code   RO            2    .text.main          main.o
    0x08001690   0x08001690   0x00000020   Code   RO           21    .text.millis        rcc.o
    0x080016b0   0x080016b0   0x000000a8   Code   RO           13    .text.rcc_HSE_config  rcc.o
    0x08001758   0x08001758   0x00000020   Code   RO           15    .text.rcc_systick_config  rcc.o
    0x08001778   0x08001778   0x0000002c   Code   RO           61    .text.uart1_config  uart.o
    0x080017a4   0x080017a4   0x0000002c   Code   RO           59    .text.uart1_gpio_init  uart.o
    0x080017d0   0x080017d0   0x00000012   Code   RO           65    .text.uart1_write   uart.o
    0x080017e2   0x080017e2   0x0000003e   Code   RO          297    CL$$btod_d2e        c_w.l(btod.o)
    0x08001820   0x08001820   0x00000046   Code   RO          299    CL$$btod_d2e_denorm_low  c_w.l(btod.o)
    0x08001866   0x08001866   0x00000060   Code   RO          298    CL$$btod_d2e_norm_op1  c_w.l(btod.o)
    0x080018c6   0x080018c6   0x00000002   PAD
    0x080018c8   0x080018c8   0x00000338   Code   RO          307    CL$$btod_div_common  c_w.l(btod.o)
    0x08001c00   0x08001c00   0x000000dc   Code   RO          304    CL$$btod_e2e        c_w.l(btod.o)
    0x08001cdc   0x08001cdc   0x0000002a   Code   RO          301    CL$$btod_ediv       c_w.l(btod.o)
    0x08001d06   0x08001d06   0x0000002a   Code   RO          300    CL$$btod_emul       c_w.l(btod.o)
    0x08001d30   0x08001d30   0x00000244   Code   RO          306    CL$$btod_mult_common  c_w.l(btod.o)
    0x08001f74   0x08001f74   0x00000028   Code   RO          330    i.__ARM_fpclassify  m_ws.l(fpclassify.o)
    0x08001f9c   0x08001f9c   0x0000000e   Code   RO          214    i._is_digit         c_w.l(__printf_wp.o)
    0x08001faa   0x08001faa   0x00000002   PAD
    0x08001fac   0x08001fac   0x0000002c   Code   RO          326    locale$$code        c_w.l(lc_numeric_c.o)
    0x08001fd8   0x08001fd8   0x0000000c   Code   RO          261    x$fpl$dretinf       fz_ws.l(dretinf.o)
    0x08001fe4   0x08001fe4   0x00000056   Code   RO          233    x$fpl$f2d           fz_ws.l(f2d.o)
    0x0800203a   0x0800203a   0x00000002   PAD
    0x0800203c   0x0800203c   0x00000030   Code   RO          242    x$fpl$fflt          fz_ws.l(fflt_clz.o)
    0x0800206c   0x0800206c   0x00000102   Code   RO          247    x$fpl$fmul          fz_ws.l(fmul.o)
    0x0800216e   0x0800216e   0x0000008c   Code   RO          263    x$fpl$fnaninf       fz_ws.l(fnaninf.o)
    0x080021fa   0x080021fa   0x0000000a   Code   RO          265    x$fpl$fretinf       fz_ws.l(fretinf.o)
    0x08002204   0x08002204   0x00000004   Code   RO          249    x$fpl$printf1       fz_ws.l(printf1.o)
    0x08002208   0x08002208   0x00000000   Code   RO          267    x$fpl$usenofp       fz_ws.l(usenofp.o)
    0x08002208   0x08002208   0x00000028   Data   RO          187    .constdata          c_w.l(_printf_hex_int.o)
    0x08002230   0x08002230   0x00000011   Data   RO          217    .constdata          c_w.l(__printf_flags_wp.o)
    0x08002241   0x08002241   0x00000003   PAD
    0x08002244   0x08002244   0x00000094   Data   RO          295    .constdata          c_w.l(bigflt0.o)
    0x080022d8   0x080022d8   0x00000010   Data   RO          165    .rodata.AHBPrescTable  system_stm32f10x.o
    0x080022e8   0x080022e8   0x00000020   Data   RO          484    Region$$Table       anon$$obj.o
    0x08002308   0x08002308   0x0000001c   Data   RO          325    locale$$data        c_w.l(lc_numeric_c.o)


    Execution Region RW_IRAM1 (Exec base: 0x20000000, Load base: 0x08002328, Size: 0x000006e8, Max: 0x00005000, ABSOLUTE)

    Exec Addr    Load Addr    Size         Type   Attr      Idx    E Section Name        Object

    0x20000000   0x08002328   0x00000004   Data   RW          164    .data.SystemCoreClock  system_stm32f10x.o
    0x20000004   0x0800232c   0x00000004   PAD
    0x20000008        -       0x00000060   Zero   RW          333    .bss                c_w.l(libspace.o)
    0x20000068        -       0x00000002   Zero   RW          136    .bss.GyroRW.0       mpu6050.o
    0x2000006a        -       0x00000002   Zero   RW          137    .bss.GyroRW.1       mpu6050.o
    0x2000006c        -       0x00000002   Zero   RW          138    .bss.GyroRW.2       mpu6050.o
    0x2000006e   0x0800232c   0x00000002   PAD
    0x20000070        -       0x00000054   Zero   RW           49    .bss.__stdout       helperv2.o
    0x200000c4        -       0x00000004   Zero   RW          131    .bss.accelScalingFactor  mpu6050.o
    0x200000c8        -       0x00000004   Zero   RW          132    .bss.gyroScalingFactor  mpu6050.o
    0x200000cc   0x0800232c   0x00000004   PAD
    0x200000d0        -       0x00000008   Zero   RW           27    .bss.ms             rcc.o
    0x200000d8        -       0x00000008   Zero   RW           28    .bss.msr            rcc.o
    0x200000e0        -       0x00000008   Zero   RW            4    .bss.previous       main.o
    0x200000e8        -       0x00000200   Zero   RW          147    HEAP                startup_stm32f10x_md.o
    0x200002e8        -       0x00000400   Zero   RW          146    STACK               startup_stm32f10x_md.o


==============================================================================

Image component sizes


      Code (inc. data)   RO Data    RW Data    ZI Data      Debug   Object Name

        62          0          0          0         84       3131   helperv2.o
      1240          0          0          0          0       4420   i2c.o
       364        140          0          0          8       1646   main.o
       506          8          0          0         14       4748   mpu6050.o
       306          0          0          0         16       4641   rcc.o
        64         26        236          0       1536        840   startup_stm32f10x_md.o
       394          0         16          4          0       2829   system_stm32f10x.o
       106          0          0          0          0       5300   uart.o

    ----------------------------------------------------------------------
      3066        174        284          4       1668      27555   Object Totals
         0          0         32          0          0          0   (incl. Generated)
        24          0          0          0         10          0   (incl. Padding)

    ----------------------------------------------------------------------

      Code (inc. data)   RO Data    RW Data    ZI Data      Debug   Library Member Name

         8          0          0          0          0         68   __main.o
       312          4         17          0          0         92   __printf_flags_wp.o
        14          0          0          0          0         68   __printf_wp.o
         0          0          0          0          0          0   __rtentry.o
        12          0          0          0          0          0   __rtentry2.o
         6          0          0          0          0          0   __rtentry4.o
        52          8          0          0          0          0   __scatter.o
        26          0          0          0          0          0   __scatter_copy.o
        28          0          0          0          0          0   __scatter_zi.o
        48          6          0          0          0         96   _printf_char_common.o
        36          4          0          0          0         80   _printf_char_file.o
         6          0          0          0          0          0   _printf_f.o
      1052          0          0          0          0        148   _printf_fp_dec.o
       128         16          0          0          0         84   _printf_fp_infnan.o
        88          4         40          0          0         88   _printf_hex_int.o
       178          0          0          0          0         88   _printf_intcommon.o
        78          0          0          0          0        108   _printf_pad.o
         0          0          0          0          0          0   _printf_percent.o
         4          0          0          0          0          0   _printf_percent_end.o
         6          0          0          0          0          0   _printf_x.o
       228          4        148          0          0         96   bigflt0.o
      1936        128          0          0          0        668   btod.o
        18          0          0          0          0         80   exit.o
         8          0          0          0          0         68   ferror.o
         6          0          0          0          0        152   heapauxi.o
         0          0          0          0          0          0   indicate_semi.o
        44         10         28          0          0         76   lc_numeric_c.o
         2          0          0          0          0          0   libinit.o
        18          0          0          0          0          0   libinit2.o
         2          0          0          0          0          0   libshutdown.o
         2          0          0          0          0          0   libshutdown2.o
         8          4          0          0         96         68   libspace.o
       138          0          0          0          0         80   lludiv10.o
        24          4          0          0          0         84   noretval__2printf.o
        44          4          0          0          0         84   puts.o
         8          4          0          0          0         68   rt_locale_intlibspace.o
         2          0          0          0          0          0   rtexit.o
        10          0          0          0          0          0   rtexit2.o
       128          0          0          0          0         68   strcmpv7m.o
        12          4          0          0          0         68   sys_exit.o
        74          0          0          0          0         80   sys_stackheap_outer.o
         2          0          0          0          0         68   use_no_semi.o
        12          0          0          0          0         68   dretinf.o
        86          4          0          0          0         84   f2d.o
        48          0          0          0          0         68   fflt_clz.o
       258          4          0          0          0         84   fmul.o
       140          4          0          0          0         84   fnaninf.o
        10          0          0          0          0         68   fretinf.o
         4          0          0          0          0         68   printf1.o
         0          0          0          0          0          0   usenofp.o
        40          0          0          0          0         68   fpclassify.o

    ----------------------------------------------------------------------
      5410        216        236          0         96       3320   Library Totals
        16          0          3          0          0          0   (incl. Padding)

    ----------------------------------------------------------------------

      Code (inc. data)   RO Data    RW Data    ZI Data      Debug   Library Name

      4796        204        233          0         96       2728   c_w.l
       558         12          0          0          0        524   fz_ws.l
        40          0          0          0          0         68   m_ws.l

    ----------------------------------------------------------------------
      5410        216        236          0         96       3320   Library Totals

    ----------------------------------------------------------------------

==============================================================================


      Code (inc. data)   RO Data    RW Data    ZI Data      Debug   

      8476        390        520          4       1764      28955   Grand Totals
      8476        390        520          4       1764      28955   ELF Image Totals
      8476        390        520          4          0          0   ROM Totals

==============================================================================

    Total RO  Size (Code + RO Data)                 8996 (   8.79kB)
    Total RW  Size (RW Data + ZI Data)              1768 (   1.73kB)
    Total ROM Size (Code + RO Data + RW Data)       9000 (   8.79kB)

==============================================================================

